main.c:255:6:I2C2_INIT	4	static
main.c:272:6:I2C2_START	16	static,ignoring_inline_asm
main.c:282:6:I2C2_STOP	16	static,ignoring_inline_asm
main.c:293:6:I2C2_ACK	24	static,ignoring_inline_asm
main.c:304:7:I2C2_NACK	16	static,ignoring_inline_asm
main.c:312:6:ADDRESS_WRITE	40	static,ignoring_inline_asm
main.c:332:9:ADDRESS_READ	24	static,ignoring_inline_asm
main.c:358:6:LCD20x4_INIT	16	static
main.c:367:6:LCD20x4_EXPANDWRITE	16	static
main.c:375:6:LCD20x4_ENABLE_CLOCK	24	static,ignoring_inline_asm
main.c:385:6:LCD20x4_WRITE_4BITS	24	static
main.c:398:6:Print	16	static
main.c:406:6:LCD20x4_BEGIN	24	static,ignoring_inline_asm
main.c:442:6:BACK_LIGHT	8	static
main.c:448:6:PRINTF	24	static
main.c:474:6:myprintf	16	static
main.c:486:6:HAL_TIM_PeriodElapsedCallback	16	static
main.c:505:6:HAL_UART_RxCpltCallback	16	static
main.c:563:15:FetchColour	16	static,ignoring_inline_asm
main.c:587:5:dtoa	32	static
main.c:620:6:SD_CARD_INIT	8440	static
main.c:718:6:SD_CARD_WRITE	8464	static
main.c:803:6:DECIMAL_TO_BINARY	16	static
main.c:819:5:main	64	static,ignoring_inline_asm
main.c:1131:6:SystemClock_Config	88	static
main.c:1169:13:MX_NVIC_Init	8	static
main.c:1184:13:MX_SPI1_Init	8	static
main.c:1222:13:MX_TIM2_Init	64	static
main.c:1281:13:MX_TIM3_Init	64	static
main.c:1340:13:MX_TIM4_Init	64	static
main.c:1399:13:MX_TIM5_Init	32	static
main.c:1444:13:MX_USART1_UART_Init	8	static
main.c:1477:13:MX_GPIO_Init	48	static
main.c:1532:6:Error_Handler	4	static,ignoring_inline_asm
