Archive member included to satisfy reference by file (symbol)

/home/antos/st/stm32cubeide_1.6.1/plugins/com.st.stm32cube.ide.mcu.externaltools.gnu-tools-for-stm32.9-2020-q2-update.linux64_1.5.0.202011040924/tools/bin/../lib/gcc/arm-none-eabi/9.3.1/../../../../arm-none-eabi/lib/thumb/v7e-m+fp/hard/libc_nano.a(lib_a-errno.o)
                              Core/Src/syscalls.o (__errno)
/home/antos/st/stm32cubeide_1.6.1/plugins/com.st.stm32cube.ide.mcu.externaltools.gnu-tools-for-stm32.9-2020-q2-update.linux64_1.5.0.202011040924/tools/bin/../lib/gcc/arm-none-eabi/9.3.1/../../../../arm-none-eabi/lib/thumb/v7e-m+fp/hard/libc_nano.a(lib_a-exit.o)
                              /home/antos/st/stm32cubeide_1.6.1/plugins/com.st.stm32cube.ide.mcu.externaltools.gnu-tools-for-stm32.9-2020-q2-update.linux64_1.5.0.202011040924/tools/bin/../lib/gcc/arm-none-eabi/9.3.1/../../../../arm-none-eabi/lib/thumb/v7e-m+fp/hard/crt0.o (exit)
/home/antos/st/stm32cubeide_1.6.1/plugins/com.st.stm32cube.ide.mcu.externaltools.gnu-tools-for-stm32.9-2020-q2-update.linux64_1.5.0.202011040924/tools/bin/../lib/gcc/arm-none-eabi/9.3.1/../../../../arm-none-eabi/lib/thumb/v7e-m+fp/hard/libc_nano.a(lib_a-impure.o)
                              /home/antos/st/stm32cubeide_1.6.1/plugins/com.st.stm32cube.ide.mcu.externaltools.gnu-tools-for-stm32.9-2020-q2-update.linux64_1.5.0.202011040924/tools/bin/../lib/gcc/arm-none-eabi/9.3.1/../../../../arm-none-eabi/lib/thumb/v7e-m+fp/hard/libc_nano.a(lib_a-exit.o) (_global_impure_ptr)
/home/antos/st/stm32cubeide_1.6.1/plugins/com.st.stm32cube.ide.mcu.externaltools.gnu-tools-for-stm32.9-2020-q2-update.linux64_1.5.0.202011040924/tools/bin/../lib/gcc/arm-none-eabi/9.3.1/../../../../arm-none-eabi/lib/thumb/v7e-m+fp/hard/libc_nano.a(lib_a-init.o)
                              /home/antos/st/stm32cubeide_1.6.1/plugins/com.st.stm32cube.ide.mcu.externaltools.gnu-tools-for-stm32.9-2020-q2-update.linux64_1.5.0.202011040924/tools/bin/../lib/gcc/arm-none-eabi/9.3.1/../../../../arm-none-eabi/lib/thumb/v7e-m+fp/hard/crt0.o (__libc_init_array)
/home/antos/st/stm32cubeide_1.6.1/plugins/com.st.stm32cube.ide.mcu.externaltools.gnu-tools-for-stm32.9-2020-q2-update.linux64_1.5.0.202011040924/tools/bin/../lib/gcc/arm-none-eabi/9.3.1/../../../../arm-none-eabi/lib/thumb/v7e-m+fp/hard/libc_nano.a(lib_a-memset.o)
                              /home/antos/st/stm32cubeide_1.6.1/plugins/com.st.stm32cube.ide.mcu.externaltools.gnu-tools-for-stm32.9-2020-q2-update.linux64_1.5.0.202011040924/tools/bin/../lib/gcc/arm-none-eabi/9.3.1/../../../../arm-none-eabi/lib/thumb/v7e-m+fp/hard/crt0.o (memset)
/home/antos/st/stm32cubeide_1.6.1/plugins/com.st.stm32cube.ide.mcu.externaltools.gnu-tools-for-stm32.9-2020-q2-update.linux64_1.5.0.202011040924/tools/bin/../lib/gcc/arm-none-eabi/9.3.1/../../../../arm-none-eabi/lib/thumb/v7e-m+fp/hard/libc_nano.a(lib_a-sprintf.o)
                              Core/Src/main.o (sprintf)
/home/antos/st/stm32cubeide_1.6.1/plugins/com.st.stm32cube.ide.mcu.externaltools.gnu-tools-for-stm32.9-2020-q2-update.linux64_1.5.0.202011040924/tools/bin/../lib/gcc/arm-none-eabi/9.3.1/../../../../arm-none-eabi/lib/thumb/v7e-m+fp/hard/libc_nano.a(lib_a-strlen.o)
                              Core/Src/main.o (strlen)
/home/antos/st/stm32cubeide_1.6.1/plugins/com.st.stm32cube.ide.mcu.externaltools.gnu-tools-for-stm32.9-2020-q2-update.linux64_1.5.0.202011040924/tools/bin/../lib/gcc/arm-none-eabi/9.3.1/../../../../arm-none-eabi/lib/thumb/v7e-m+fp/hard/libc_nano.a(lib_a-vsnprintf.o)
                              Core/Src/main.o (vsnprintf)
/home/antos/st/stm32cubeide_1.6.1/plugins/com.st.stm32cube.ide.mcu.externaltools.gnu-tools-for-stm32.9-2020-q2-update.linux64_1.5.0.202011040924/tools/bin/../lib/gcc/arm-none-eabi/9.3.1/../../../../arm-none-eabi/lib/thumb/v7e-m+fp/hard/libc_nano.a(lib_a-nano-svfprintf.o)
                              /home/antos/st/stm32cubeide_1.6.1/plugins/com.st.stm32cube.ide.mcu.externaltools.gnu-tools-for-stm32.9-2020-q2-update.linux64_1.5.0.202011040924/tools/bin/../lib/gcc/arm-none-eabi/9.3.1/../../../../arm-none-eabi/lib/thumb/v7e-m+fp/hard/libc_nano.a(lib_a-sprintf.o) (_svfprintf_r)
/home/antos/st/stm32cubeide_1.6.1/plugins/com.st.stm32cube.ide.mcu.externaltools.gnu-tools-for-stm32.9-2020-q2-update.linux64_1.5.0.202011040924/tools/bin/../lib/gcc/arm-none-eabi/9.3.1/../../../../arm-none-eabi/lib/thumb/v7e-m+fp/hard/libc_nano.a(lib_a-nano-vfprintf_i.o)
                              /home/antos/st/stm32cubeide_1.6.1/plugins/com.st.stm32cube.ide.mcu.externaltools.gnu-tools-for-stm32.9-2020-q2-update.linux64_1.5.0.202011040924/tools/bin/../lib/gcc/arm-none-eabi/9.3.1/../../../../arm-none-eabi/lib/thumb/v7e-m+fp/hard/libc_nano.a(lib_a-nano-svfprintf.o) (_printf_i)
[...]
Memory Configuration

Name             Origin             Length             Attributes
RAM              0x0000000020000000 0x0000000000020000 xrw
FLASH            0x0000000008000000 0x0000000000080000 xr
*default*        0x0000000000000000 0xffffffffffffffff

Linker script and memory map

LOAD /home/antos/st/stm32cubeide_1.6.1/plugins/com.st.stm32cube.ide.mcu.externaltools.gnu-tools-for-stm32.9-2020-q2-update.linux64_1.5.0.202011040924/tools/bin/../lib/gcc/arm-none-eabi/9.3.1/thumb/v7e-m+fp/hard/crti.o
LOAD /home/antos/st/stm32cubeide_1.6.1/plugins/com.st.stm32cube.ide.mcu.externaltools.gnu-tools-for-stm32.9-2020-q2-update.linux64_1.5.0.202011040924/tools/bin/../lib/gcc/arm-none-eabi/9.3.1/thumb/v7e-m+fp/hard/crtbegin.o
LOAD /home/antos/st/stm32cubeide_1.6.1/plugins/com.st.stm32cube.ide.mcu.externaltools.gnu-tools-for-stm32.9-2020-q2-update.linux64_1.5.0.202011040924/tools/bin/../lib/gcc/arm-none-eabi/9.3.1/../../../../arm-none-eabi/lib/thumb/v7e-m+fp/hard/crt0.o
LOAD Core/Src/fatfs_sd.o
LOAD Core/Src/main.o
LOAD Core/Src/stm32f4xx_hal_msp.o
LOAD Core/Src/stm32f4xx_it.o
LOAD Core/Src/syscalls.o
LOAD Core/Src/sysmem.o
LOAD Core/Src/system_stm32f4xx.o
LOAD Core/Startup/startup_stm32f411retx.o
LOAD Drivers/STM32F4xx_HAL_Driver/Src/stm32f4xx_hal.o
LOAD Drivers/STM32F4xx_HAL_Driver/Src/stm32f4xx_hal_cortex.o
LOAD Drivers/STM32F4xx_HAL_Driver/Src/stm32f4xx_hal_dma.o
LOAD Drivers/STM32F4xx_HAL_Driver/Src/stm32f4xx_hal_dma_ex.o
LOAD Drivers/STM32F4xx_HAL_Driver/Src/stm32f4xx_hal_exti.o
LOAD Drivers/STM32F4xx_HAL_Driver/Src/stm32f4xx_hal_flash.o
LOAD Drivers/STM32F4xx_HAL_Driver/Src/stm32f4xx_hal_flash_ex.o
LOAD Drivers/STM32F4xx_HAL_Driver/Src/stm32f4xx_hal_flash_ramfunc.o
LOAD Drivers/STM32F4xx_HAL_Driver/Src/stm32f4xx_hal_gpio.o
LOAD Drivers/STM32F4xx_HAL_Driver/Src/stm32f4xx_hal_pwr.o
LOAD Drivers/STM32F4xx_HAL_Driver/Src/stm32f4xx_hal_pwr_ex.o
LOAD Drivers/STM32F4xx_HAL_Driver/Src/stm32f4xx_hal_rcc.o
LOAD Drivers/STM32F4xx_HAL_Driver/Src/stm32f4xx_hal_rcc_ex.o
LOAD Drivers/STM32F4xx_HAL_Driver/Src/stm32f4xx_hal_spi.o
LOAD Drivers/STM32F4xx_HAL_Driver/Src/stm32f4xx_hal_tim.o
LOAD Drivers/STM32F4xx_HAL_Driver/Src/stm32f4xx_hal_tim_ex.o
LOAD Drivers/STM32F4xx_HAL_Driver/Src/stm32f4xx_hal_uart.o
LOAD FATFS/App/fatfs.o
LOAD FATFS/Target/user_diskio.o
LOAD Middlewares/Third_Party/FatFs/src/diskio.o
LOAD Middlewares/Third_Party/FatFs/src/ff.o
LOAD Middlewares/Third_Party/FatFs/src/ff_gen_drv.o
LOAD Middlewares/Third_Party/FatFs/src/option/ccsbcs.o
LOAD Middlewares/Third_Party/FatFs/src/option/syscall.o
START GROUP
LOAD /home/antos/st/stm32cubeide_1.6.1/plugins/com.st.stm32cube.ide.mcu.externaltools.gnu-tools-for-stm32.9-2020-q2-update.linux64_1.5.0.202011040924/tools/bin/../lib/gcc/arm-none-eabi/9.3.1/../../../../arm-none-eabi/lib/thumb/v7e-m+fp/hard/libc_nano.a
LOAD /home/antos/st/stm32cubeide_1.6.1/plugins/com.st.stm32cube.ide.mcu.externaltools.gnu-tools-for-stm32.9-2020-q2-update.linux64_1.5.0.202011040924/tools/bin/../lib/gcc/arm-none-eabi/9.3.1/../../../../arm-none-eabi/lib/thumb/v7e-m+fp/hard/libm.a
END GROUP
START GROUP
LOAD /home/antos/st/stm32cubeide_1.6.1/plugins/com.st.stm32cube.ide.mcu.externaltools.gnu-tools-for-stm32.9-2020-q2-update.linux64_1.5.0.202011040924/tools/bin/../lib/gcc/arm-none-eabi/9.3.1/thumb/v7e-m+fp/hard/libgcc.a
LOAD /home/antos/st/stm32cubeide_1.6.1/plugins/com.st.stm32cube.ide.mcu.externaltools.gnu-tools-for-stm32.9-2020-q2-update.linux64_1.5.0.202011040924/tools/bin/../lib/gcc/arm-none-eabi/9.3.1/../../../../arm-none-eabi/lib/thumb/v7e-m+fp/hard/libc_nano.a
END GROUP
START GROUP
LOAD /home/antos/st/stm32cubeide_1.6.1/plugins/com.st.stm32cube.ide.mcu.externaltools.gnu-tools-for-stm32.9-2020-q2-update.linux64_1.5.0.202011040924/tools/bin/../lib/gcc/arm-none-eabi/9.3.1/thumb/v7e-m+fp/hard/libgcc.a
LOAD /home/antos/st/stm32cubeide_1.6.1/plugins/com.st.stm32cube.ide.mcu.externaltools.gnu-tools-for-stm32.9-2020-q2-update.linux64_1.5.0.202011040924/tools/bin/../lib/gcc/arm-none-eabi/9.3.1/../../../../arm-none-eabi/lib/thumb/v7e-m+fp/hard/libc_nano.a
LOAD /home/antos/st/stm32cubeide_1.6.1/plugins/com.st.stm32cube.ide.mcu.externaltools.gnu-tools-for-stm32.9-2020-q2-update.linux64_1.5.0.202011040924/tools/bin/../lib/gcc/arm-none-eabi/9.3.1/../../../../arm-none-eabi/lib/thumb/v7e-m+fp/hard/libnosys.a
END GROUP
START GROUP
LOAD /home/antos/st/stm32cubeide_1.6.1/plugins/com.st.stm32cube.ide.mcu.externaltools.gnu-tools-for-stm32.9-2020-q2-update.linux64_1.5.0.202011040924/tools/bin/../lib/gcc/arm-none-eabi/9.3.1/thumb/v7e-m+fp/hard/libgcc.a
LOAD /home/antos/st/stm32cubeide_1.6.1/plugins/com.st.stm32cube.ide.mcu.externaltools.gnu-tools-for-stm32.9-2020-q2-update.linux64_1.5.0.202011040924/tools/bin/../lib/gcc/arm-none-eabi/9.3.1/../../../../arm-none-eabi/lib/thumb/v7e-m+fp/hard/libc_nano.a
LOAD /home/antos/st/stm32cubeide_1.6.1/plugins/com.st.stm32cube.ide.mcu.externaltools.gnu-tools-for-stm32.9-2020-q2-update.linux64_1.5.0.202011040924/tools/bin/../lib/gcc/arm-none-eabi/9.3.1/../../../../arm-none-eabi/lib/thumb/v7e-m+fp/hard/libnosys.a
END GROUP
LOAD /home/antos/st/stm32cubeide_1.6.1/plugins/com.st.stm32cube.ide.mcu.externaltools.gnu-tools-for-stm32.9-2020-q2-update.linux64_1.5.0.202011040924/tools/bin/../lib/gcc/arm-none-eabi/9.3.1/thumb/v7e-m+fp/hard/crtend.o
LOAD /home/antos/st/stm32cubeide_1.6.1/plugins/com.st.stm32cube.ide.mcu.externaltools.gnu-tools-for-stm32.9-2020-q2-update.linux64_1.5.0.202011040924/tools/bin/../lib/gcc/arm-none-eabi/9.3.1/thumb/v7e-m+fp/hard/crtn.o
                0x0000000020020000                _estack = (ORIGIN (RAM) + LENGTH (RAM))
                0x0000000000000200                _Min_Heap_Size = 0x200
                0x0000000000000400                _Min_Stack_Size = 0x400

.isr_vector     0x0000000008000000      0x198
                0x0000000008000000                . = ALIGN (0x4)
 *(.isr_vector)
 .isr_vector    0x0000000008000000      0x198 Core/Startup/startup_stm32f411retx.o
                0x0000000008000000                g_pfnVectors
                0x0000000008000198                . = ALIGN (0x4)

.text           0x00000000080001a0     0xa0a8
                0x00000000080001a0                . = ALIGN (0x4)
 *(.text)
 .text          0x00000000080001a0       0x40 /home/antos/st/stm32cubeide_1.6.1/plugins/com.st.stm32cube.ide.mcu.externaltools.gnu-tools-for-stm32.9-2020-q2-update.linux64_1.5.0.202011040924/tools/bin/../lib/gcc/arm-none-eabi/9.3.1/thumb/v7e-m+fp/hard/crtbegin.o
 .text          0x00000000080001e0       0x10 /home/antos/st/stm32cubeide_1.6.1/plugins/com.st.stm32cube.ide.mcu.externaltools.gnu-tools-for-stm32.9-2020-q2-update.linux64_1.5.0.202011040924/tools/bin/../lib/gcc/arm-none-eabi/9.3.1/../../../../arm-none-eabi/lib/thumb/v7e-m+fp/hard/libc_nano.a(lib_a-strlen.o)
                0x00000000080001e0                strlen
 .text          0x00000000080001f0       0xa0 /home/antos/st/stm32cubeide_1.6.1/plugins/com.st.stm32cube.ide.mcu.externaltools.gnu-tools-for-stm32.9-2020-q2-update.linux64_1.5.0.202011040924/tools/bin/../lib/gcc/arm-none-eabi/9.3.1/../../../../arm-none-eabi/lib/thumb/v7e-m+fp/hard/libc_nano.a(lib_a-memchr.o)
                0x00000000080001f0                memchr
 .text          0x0000000008000290       0x30 /home/antos/st/stm32cubeide_1.6.1/plugins/com.st.stm32cube.ide.mcu.externaltools.gnu-tools-for-stm32.9-2020-q2-update.linux64_1.5.0.202011040924/tools/bin/../lib/gcc/arm-none-eabi/9.3.1/thumb/v7e-m+fp/hard/libgcc.a(_aeabi_uldivmod.o)
                0x0000000008000290                __aeabi_uldivmod
 .text          0x00000000080002c0      0x2c4 /home/antos/st/stm32cubeide_1.6.1/plugins/com.st.stm32cube.ide.mcu.externaltools.gnu-tools-for-stm32.9-2020-q2-update.linux64_1.5.0.202011040924/tools/bin/../lib/gcc/arm-none-eabi/9.3.1/thumb/v7e-m+fp/hard/libgcc.a(_udivmoddi4.o)
                0x00000000080002c0                __udivmoddi4
 .text          0x0000000008000584        0x4 /home/antos/st/stm32cubeide_1.6.1/plugins/com.st.stm32cube.ide.mcu.externaltools.gnu-tools-for-stm32.9-2020-q2-update.linux64_1.5.0.202011040924/tools/bin/../lib/gcc/arm-none-eabi/9.3.1/thumb/v7e-m+fp/hard/libgcc.a(_dvmd_tls.o)
                0x0000000008000584                __aeabi_ldiv0
                0x0000000008000584                __aeabi_idiv0
 *(.text*)
 .text.SELECT   0x0000000008000588       0x1c Core/Src/fatfs_sd.o
 .text.DESELECT
                0x00000000080005a4       0x1c Core/Src/fatfs_sd.o
 .text.SPI_TxByte
                0x00000000080005c0       0x34 Core/Src/fatfs_sd.o
 .text.SPI_TxBuffer
                0x00000000080005f4       0x34 Core/Src/fatfs_sd.o
 .text.SPI_RxByte
                0x0000000008000628       0x38 Core/Src/fatfs_sd.o
 .text.SPI_RxBytePtr
                0x0000000008000660       0x1c Core/Src/fatfs_sd.o
 .text.SD_ReadyWait
                0x000000000800067c       0x34 Core/Src/fatfs_sd.o
 .text.SD_PowerOn
                0x00000000080006b0       0x84 Core/Src/fatfs_sd.o
 .text.SD_PowerOff
                0x0000000008000734       0x18 Core/Src/fatfs_sd.o
 .text.SD_CheckPower
                0x000000000800074c       0x18 Core/Src/fatfs_sd.o
 .text.SD_RxDataBlock
                0x0000000008000764       0x5c Core/Src/fatfs_sd.o
 .text.SD_TxDataBlock
                0x00000000080007c0       0x86 Core/Src/fatfs_sd.o
 .text.SD_SendCmd
                0x0000000008000846       0xa8 Core/Src/fatfs_sd.o
 *fill*         0x00000000080008ee        0x2 
 .text.SD_disk_initialize
                0x00000000080008f0      0x1cc Core/Src/fatfs_sd.o
                0x00000000080008f0                SD_disk_initialize
 .text.SD_disk_status
                0x0000000008000abc       0x2c Core/Src/fatfs_sd.o
                0x0000000008000abc                SD_disk_status
 .text.SD_disk_read
                0x0000000008000ae8       0xd4 Core/Src/fatfs_sd.o
                0x0000000008000ae8                SD_disk_read
 .text.SD_disk_write
                0x0000000008000bbc      0x108 Core/Src/fatfs_sd.o
                0x0000000008000bbc                SD_disk_write
 .text.SD_disk_ioctl
                0x0000000008000cc4      0x258 Core/Src/fatfs_sd.o
                0x0000000008000cc4                SD_disk_ioctl
 .text.I2C2_INIT
                0x0000000008000f1c       0xac Core/Src/main.o
                0x0000000008000f1c                I2C2_INIT
 .text.I2C2_START
                0x0000000008000fc8       0x6c Core/Src/main.o
                0x0000000008000fc8                I2C2_START
 .text.I2C2_STOP
                0x0000000008001034       0x60 Core/Src/main.o
                0x0000000008001034                I2C2_STOP
 .text.I2C2_ACK
                0x0000000008001094       0x74 Core/Src/main.o
                0x0000000008001094                I2C2_ACK
 .text.ADDRESS_WRITE
                0x0000000008001108       0xa8 Core/Src/main.o
                0x0000000008001108                ADDRESS_WRITE
 .text.LCD20x4_INIT
                0x00000000080011b0       0x50 Core/Src/main.o
                0x00000000080011b0                LCD20x4_INIT
 .text.LCD20x4_EXPANDWRITE
                0x0000000008001200       0x3c Core/Src/main.o
                0x0000000008001200                LCD20x4_EXPANDWRITE
 .text.LCD20x4_ENABLE_CLOCK
                0x000000000800123c       0x54 Core/Src/main.o
                0x000000000800123c                LCD20x4_ENABLE_CLOCK
 .text.LCD20x4_WRITE_4BITS
                0x0000000008001290       0x5e Core/Src/main.o
                0x0000000008001290                LCD20x4_WRITE_4BITS
 .text.Print    0x00000000080012ee       0x2c Core/Src/main.o
                0x00000000080012ee                Print
 *fill*         0x000000000800131a        0x2 
 .text.LCD20x4_BEGIN
                0x000000000800131c       0xe8 Core/Src/main.o
                0x000000000800131c                LCD20x4_BEGIN
 .text.BACK_LIGHT
                0x0000000008001404       0x18 Core/Src/main.o
                0x0000000008001404                BACK_LIGHT
 .text.PRINTF   0x000000000800141c       0x4e Core/Src/main.o
                0x000000000800141c                PRINTF
 *fill*         0x000000000800146a        0x2 
 .text.myprintf
                0x000000000800146c       0x4c Core/Src/main.o
                0x000000000800146c                myprintf
 .text.HAL_TIM_PeriodElapsedCallback
                0x00000000080014b8       0x24 Core/Src/main.o
                0x00000000080014b8                HAL_TIM_PeriodElapsedCallback
 .text.HAL_UART_RxCpltCallback
                0x00000000080014dc       0xfc Core/Src/main.o
                0x00000000080014dc                HAL_UART_RxCpltCallback
 .text.FetchColour
                0x00000000080015d8       0xb0 Core/Src/main.o
                0x00000000080015d8                FetchColour
 .text.SD_CARD_INIT
                0x0000000008001688      0x304 Core/Src/main.o
                0x0000000008001688                SD_CARD_INIT
 .text.SD_CARD_WRITE
                0x000000000800198c      0x294 Core/Src/main.o
                0x000000000800198c                SD_CARD_WRITE
 .text.DECIMAL_TO_BINARY
                0x0000000008001c20       0x84 Core/Src/main.o
                0x0000000008001c20                DECIMAL_TO_BINARY
 .text.main     0x0000000008001ca4      0x7e0 Core/Src/main.o
                0x0000000008001ca4                main
 .text.SystemClock_Config
                0x0000000008002484       0xb8 Core/Src/main.o
                0x0000000008002484                SystemClock_Config
 .text.MX_NVIC_Init
                0x000000000800253c       0x28 Core/Src/main.o
 .text.MX_SPI1_Init
                0x0000000008002564       0x6c Core/Src/main.o
 .text.MX_TIM2_Init
                0x00000000080025d0       0xec Core/Src/main.o
 .text.MX_TIM3_Init
                0x00000000080026bc       0xec Core/Src/main.o
 .text.MX_TIM4_Init
                0x00000000080027a8       0xec Core/Src/main.o
 .text.MX_TIM5_Init
                0x0000000008002894       0x98 Core/Src/main.o
 .text.MX_USART1_UART_Init
                0x000000000800292c       0x54 Core/Src/main.o
 .text.MX_GPIO_Init
                0x0000000008002980      0x130 Core/Src/main.o
 .text.Error_Handler
                0x0000000008002ab0        0xa Core/Src/main.o
                0x0000000008002ab0                Error_Handler
 *fill*         0x0000000008002aba        0x2 
 .text.HAL_MspInit
                0x0000000008002abc       0x50 Core/Src/stm32f4xx_hal_msp.o
                0x0000000008002abc                HAL_MspInit
 .text.HAL_SPI_MspInit
                0x0000000008002b0c       0x90 Core/Src/stm32f4xx_hal_msp.o
                0x0000000008002b0c                HAL_SPI_MspInit
 .text.HAL_TIM_Base_MspInit
                0x0000000008002b9c       0xc4 Core/Src/stm32f4xx_hal_msp.o
                0x0000000008002b9c                HAL_TIM_Base_MspInit
 .text.HAL_TIM_MspPostInit
                0x0000000008002c60      0x10c Core/Src/stm32f4xx_hal_msp.o
                0x0000000008002c60                HAL_TIM_MspPostInit
 .text.HAL_UART_MspInit
                0x0000000008002d6c       0x90 Core/Src/stm32f4xx_hal_msp.o
                0x0000000008002d6c                HAL_UART_MspInit
 .text.NMI_Handler
                0x0000000008002dfc        0x6 Core/Src/stm32f4xx_it.o
                0x0000000008002dfc                NMI_Handler
 .text.HardFault_Handler
                0x0000000008002e02        0x6 Core/Src/stm32f4xx_it.o
                0x0000000008002e02                HardFault_Handler
 .text.MemManage_Handler
                0x0000000008002e08        0x6 Core/Src/stm32f4xx_it.o
                0x0000000008002e08                MemManage_Handler
 .text.BusFault_Handler
                0x0000000008002e0e        0x6 Core/Src/stm32f4xx_it.o
                0x0000000008002e0e                BusFault_Handler
 .text.UsageFault_Handler
                0x0000000008002e14        0x6 Core/Src/stm32f4xx_it.o
                0x0000000008002e14                UsageFault_Handler
 .text.SVC_Handler
                0x0000000008002e1a        0xe Core/Src/stm32f4xx_it.o
                0x0000000008002e1a                SVC_Handler
 .text.DebugMon_Handler
                0x0000000008002e28        0xe Core/Src/stm32f4xx_it.o
                0x0000000008002e28                DebugMon_Handler
 .text.PendSV_Handler
                0x0000000008002e36        0xe Core/Src/stm32f4xx_it.o
                0x0000000008002e36                PendSV_Handler
 .text.SysTick_Handler
                0x0000000008002e44        0xc Core/Src/stm32f4xx_it.o
                0x0000000008002e44                SysTick_Handler
 .text.USART1_IRQHandler
                0x0000000008002e50       0x20 Core/Src/stm32f4xx_it.o
                0x0000000008002e50                USART1_IRQHandler
 .text.TIM5_IRQHandler
                0x0000000008002e70       0x14 Core/Src/stm32f4xx_it.o
                0x0000000008002e70                TIM5_IRQHandler
 .text._sbrk    0x0000000008002e84       0x6c Core/Src/sysmem.o
                0x0000000008002e84                _sbrk
 .text.SystemInit
                0x0000000008002ef0       0x24 Core/Src/system_stm32f4xx.o
                0x0000000008002ef0                SystemInit
 .text.Reset_Handler
                0x0000000008002f14       0x50 Core/Startup/startup_stm32f411retx.o
                0x0000000008002f14                Reset_Handler
 .text.Default_Handler
                0x0000000008002f64        0x2 Core/Startup/startup_stm32f411retx.o
                0x0000000008002f64                RTC_Alarm_IRQHandler
                0x0000000008002f64                EXTI2_IRQHandler
                0x0000000008002f64                SPI4_IRQHandler
                0x0000000008002f64                TIM1_CC_IRQHandler
                0x0000000008002f64                DMA2_Stream5_IRQHandler
                0x0000000008002f64                DMA1_Stream5_IRQHandler
                0x0000000008002f64                PVD_IRQHandler
                0x0000000008002f64                SDIO_IRQHandler
                0x0000000008002f64                TAMP_STAMP_IRQHandler
                0x0000000008002f64                EXTI3_IRQHandler
                0x0000000008002f64                TIM1_UP_TIM10_IRQHandler
                0x0000000008002f64                I2C3_ER_IRQHandler
                0x0000000008002f64                EXTI0_IRQHandler
                0x0000000008002f64                I2C2_EV_IRQHandler
                0x0000000008002f64                DMA1_Stream2_IRQHandler
                0x0000000008002f64                FPU_IRQHandler
                0x0000000008002f64                DMA2_Stream2_IRQHandler
                0x0000000008002f64                SPI1_IRQHandler
                0x0000000008002f64                TIM1_BRK_TIM9_IRQHandler
                0x0000000008002f64                DMA2_Stream3_IRQHandler
                0x0000000008002f64                USART6_IRQHandler
                0x0000000008002f64                DMA2_Stream0_IRQHandler
                0x0000000008002f64                TIM4_IRQHandler
                0x0000000008002f64                I2C1_EV_IRQHandler
                0x0000000008002f64                DMA1_Stream6_IRQHandler
                0x0000000008002f64                DMA1_Stream1_IRQHandler
                0x0000000008002f64                TIM3_IRQHandler
                0x0000000008002f64                RCC_IRQHandler
                0x0000000008002f64                Default_Handler
                0x0000000008002f64                EXTI15_10_IRQHandler
                0x0000000008002f64                ADC_IRQHandler
                0x0000000008002f64                DMA1_Stream7_IRQHandler
                0x0000000008002f64                SPI5_IRQHandler
                0x0000000008002f64                DMA2_Stream7_IRQHandler
                0x0000000008002f64                I2C3_EV_IRQHandler
                0x0000000008002f64                EXTI9_5_IRQHandler
                0x0000000008002f64                RTC_WKUP_IRQHandler
                0x0000000008002f64                SPI2_IRQHandler
                0x0000000008002f64                DMA1_Stream0_IRQHandler
                0x0000000008002f64                EXTI4_IRQHandler
                0x0000000008002f64                WWDG_IRQHandler
                0x0000000008002f64                TIM2_IRQHandler
                0x0000000008002f64                OTG_FS_WKUP_IRQHandler
                0x0000000008002f64                TIM1_TRG_COM_TIM11_IRQHandler
                0x0000000008002f64                EXTI1_IRQHandler
                0x0000000008002f64                USART2_IRQHandler
                0x0000000008002f64                I2C2_ER_IRQHandler
                0x0000000008002f64                DMA2_Stream1_IRQHandler
                0x0000000008002f64                FLASH_IRQHandler
                0x0000000008002f64                DMA2_Stream4_IRQHandler
                0x0000000008002f64                OTG_FS_IRQHandler
                0x0000000008002f64                SPI3_IRQHandler
                0x0000000008002f64                DMA1_Stream4_IRQHandler
                0x0000000008002f64                I2C1_ER_IRQHandler
                0x0000000008002f64                DMA2_Stream6_IRQHandler
                0x0000000008002f64                DMA1_Stream3_IRQHandler
 *fill*         0x0000000008002f66        0x2 
 .text.HAL_Init
                0x0000000008002f68       0x44 Drivers/STM32F4xx_HAL_Driver/Src/stm32f4xx_hal.o
                0x0000000008002f68                HAL_Init
 .text.HAL_InitTick
                0x0000000008002fac       0x60 Drivers/STM32F4xx_HAL_Driver/Src/stm32f4xx_hal.o
                0x0000000008002fac                HAL_InitTick
 .text.HAL_IncTick
                0x000000000800300c       0x28 Drivers/STM32F4xx_HAL_Driver/Src/stm32f4xx_hal.o
                0x000000000800300c                HAL_IncTick
 .text.HAL_GetTick
                0x0000000008003034       0x18 Drivers/STM32F4xx_HAL_Driver/Src/stm32f4xx_hal.o
                0x0000000008003034                HAL_GetTick
 .text.HAL_Delay
                0x000000000800304c       0x48 Drivers/STM32F4xx_HAL_Driver/Src/stm32f4xx_hal.o
                0x000000000800304c                HAL_Delay
 .text.__NVIC_SetPriorityGrouping
                0x0000000008003094       0x48 Drivers/STM32F4xx_HAL_Driver/Src/stm32f4xx_hal_cortex.o
 .text.__NVIC_GetPriorityGrouping
                0x00000000080030dc       0x1c Drivers/STM32F4xx_HAL_Driver/Src/stm32f4xx_hal_cortex.o
 .text.__NVIC_EnableIRQ
                0x00000000080030f8       0x3c Drivers/STM32F4xx_HAL_Driver/Src/stm32f4xx_hal_cortex.o
 .text.__NVIC_SetPriority
                0x0000000008003134       0x54 Drivers/STM32F4xx_HAL_Driver/Src/stm32f4xx_hal_cortex.o
 .text.NVIC_EncodePriority
                0x0000000008003188       0x66 Drivers/STM32F4xx_HAL_Driver/Src/stm32f4xx_hal_cortex.o
 *fill*         0x00000000080031ee        0x2 
 .text.SysTick_Config
                0x00000000080031f0       0x44 Drivers/STM32F4xx_HAL_Driver/Src/stm32f4xx_hal_cortex.o
 .text.HAL_NVIC_SetPriorityGrouping
                0x0000000008003234       0x16 Drivers/STM32F4xx_HAL_Driver/Src/stm32f4xx_hal_cortex.o
                0x0000000008003234                HAL_NVIC_SetPriorityGrouping
 .text.HAL_NVIC_SetPriority
                0x000000000800324a       0x38 Drivers/STM32F4xx_HAL_Driver/Src/stm32f4xx_hal_cortex.o
                0x000000000800324a                HAL_NVIC_SetPriority
 .text.HAL_NVIC_EnableIRQ
                0x0000000008003282       0x1c Drivers/STM32F4xx_HAL_Driver/Src/stm32f4xx_hal_cortex.o
                0x0000000008003282                HAL_NVIC_EnableIRQ
 .text.HAL_SYSTICK_Config
                0x000000000800329e       0x18 Drivers/STM32F4xx_HAL_Driver/Src/stm32f4xx_hal_cortex.o
                0x000000000800329e                HAL_SYSTICK_Config
 .text.HAL_DMA_Abort
                0x00000000080032b6       0xe0 Drivers/STM32F4xx_HAL_Driver/Src/stm32f4xx_hal_dma.o
                0x00000000080032b6                HAL_DMA_Abort
 .text.HAL_DMA_Abort_IT
                0x0000000008003396       0x44 Drivers/STM32F4xx_HAL_Driver/Src/stm32f4xx_hal_dma.o
                0x0000000008003396                HAL_DMA_Abort_IT
 *fill*         0x00000000080033da        0x2 
 .text.HAL_GPIO_Init
                0x00000000080033dc      0x308 Drivers/STM32F4xx_HAL_Driver/Src/stm32f4xx_hal_gpio.o
                0x00000000080033dc                HAL_GPIO_Init
 .text.HAL_GPIO_ReadPin
                0x00000000080036e4       0x30 Drivers/STM32F4xx_HAL_Driver/Src/stm32f4xx_hal_gpio.o
                0x00000000080036e4                HAL_GPIO_ReadPin
 .text.HAL_GPIO_WritePin
                0x0000000008003714       0x32 Drivers/STM32F4xx_HAL_Driver/Src/stm32f4xx_hal_gpio.o
                0x0000000008003714                HAL_GPIO_WritePin
 *fill*         0x0000000008003746        0x2 
 .text.HAL_RCC_OscConfig
                0x0000000008003748      0x4f0 Drivers/STM32F4xx_HAL_Driver/Src/stm32f4xx_hal_rcc.o
                0x0000000008003748                HAL_RCC_OscConfig
 .text.HAL_RCC_ClockConfig
                0x0000000008003c38      0x1cc Drivers/STM32F4xx_HAL_Driver/Src/stm32f4xx_hal_rcc.o
                0x0000000008003c38                HAL_RCC_ClockConfig
 .text.HAL_RCC_GetSysClockFreq
                0x0000000008003e04      0x1c4 Drivers/STM32F4xx_HAL_Driver/Src/stm32f4xx_hal_rcc.o
                0x0000000008003e04                HAL_RCC_GetSysClockFreq
 .text.HAL_RCC_GetHCLKFreq
                0x0000000008003fc8       0x18 Drivers/STM32F4xx_HAL_Driver/Src/stm32f4xx_hal_rcc.o
                0x0000000008003fc8                HAL_RCC_GetHCLKFreq
 .text.HAL_RCC_GetPCLK1Freq
                0x0000000008003fe0       0x28 Drivers/STM32F4xx_HAL_Driver/Src/stm32f4xx_hal_rcc.o
                0x0000000008003fe0                HAL_RCC_GetPCLK1Freq
 .text.HAL_RCC_GetPCLK2Freq
                0x0000000008004008       0x28 Drivers/STM32F4xx_HAL_Driver/Src/stm32f4xx_hal_rcc.o
                0x0000000008004008                HAL_RCC_GetPCLK2Freq
 .text.HAL_SPI_Init
                0x0000000008004030      0x112 Drivers/STM32F4xx_HAL_Driver/Src/stm32f4xx_hal_spi.o
                0x0000000008004030                HAL_SPI_Init
 .text.HAL_SPI_Transmit
                0x0000000008004142      0x278 Drivers/STM32F4xx_HAL_Driver/Src/stm32f4xx_hal_spi.o
                0x0000000008004142                HAL_SPI_Transmit
 .text.HAL_SPI_TransmitReceive
                0x00000000080043ba      0x344 Drivers/STM32F4xx_HAL_Driver/Src/stm32f4xx_hal_spi.o
                0x00000000080043ba                HAL_SPI_TransmitReceive
 *fill*         0x00000000080046fe        0x2 
 .text.SPI_WaitFlagStateUntilTimeout
                0x0000000008004700      0x110 Drivers/STM32F4xx_HAL_Driver/Src/stm32f4xx_hal_spi.o
 .text.SPI_EndRxTxTransaction
                0x0000000008004810       0x84 Drivers/STM32F4xx_HAL_Driver/Src/stm32f4xx_hal_spi.o
 .text.HAL_TIM_Base_Init
                0x0000000008004894       0x9e Drivers/STM32F4xx_HAL_Driver/Src/stm32f4xx_hal_tim.o
                0x0000000008004894                HAL_TIM_Base_Init
 *fill*         0x0000000008004932        0x2 
 .text.HAL_TIM_Base_Start_IT
                0x0000000008004934       0xc4 Drivers/STM32F4xx_HAL_Driver/Src/stm32f4xx_hal_tim.o
                0x0000000008004934                HAL_TIM_Base_Start_IT
 .text.HAL_TIM_PWM_Init
                0x00000000080049f8       0x9e Drivers/STM32F4xx_HAL_Driver/Src/stm32f4xx_hal_tim.o
                0x00000000080049f8                HAL_TIM_PWM_Init
 .text.HAL_TIM_PWM_MspInit
                0x0000000008004a96       0x14 Drivers/STM32F4xx_HAL_Driver/Src/stm32f4xx_hal_tim.o
                0x0000000008004a96                HAL_TIM_PWM_MspInit
 *fill*         0x0000000008004aaa        0x2 
 .text.HAL_TIM_PWM_Start
                0x0000000008004aac      0x160 Drivers/STM32F4xx_HAL_Driver/Src/stm32f4xx_hal_tim.o
                0x0000000008004aac                HAL_TIM_PWM_Start
 .text.HAL_TIM_IRQHandler
                0x0000000008004c0c      0x210 Drivers/STM32F4xx_HAL_Driver/Src/stm32f4xx_hal_tim.o
                0x0000000008004c0c                HAL_TIM_IRQHandler
 .text.HAL_TIM_PWM_ConfigChannel
                0x0000000008004e1c      0x17c Drivers/STM32F4xx_HAL_Driver/Src/stm32f4xx_hal_tim.o
                0x0000000008004e1c                HAL_TIM_PWM_ConfigChannel
 .text.HAL_TIM_ConfigClockSource
                0x0000000008004f98      0x188 Drivers/STM32F4xx_HAL_Driver/Src/stm32f4xx_hal_tim.o
                0x0000000008004f98                HAL_TIM_ConfigClockSource
 .text.HAL_TIM_OC_DelayElapsedCallback
                0x0000000008005120       0x14 Drivers/STM32F4xx_HAL_Driver/Src/stm32f4xx_hal_tim.o
                0x0000000008005120                HAL_TIM_OC_DelayElapsedCallback
 .text.HAL_TIM_IC_CaptureCallback
                0x0000000008005134       0x14 Drivers/STM32F4xx_HAL_Driver/Src/stm32f4xx_hal_tim.o
                0x0000000008005134                HAL_TIM_IC_CaptureCallback
 .text.HAL_TIM_PWM_PulseFinishedCallback
                0x0000000008005148       0x14 Drivers/STM32F4xx_HAL_Driver/Src/stm32f4xx_hal_tim.o
                0x0000000008005148                HAL_TIM_PWM_PulseFinishedCallback
 .text.HAL_TIM_TriggerCallback
                0x000000000800515c       0x14 Drivers/STM32F4xx_HAL_Driver/Src/stm32f4xx_hal_tim.o
                0x000000000800515c                HAL_TIM_TriggerCallback
 .text.TIM_Base_SetConfig
                0x0000000008005170      0x100 Drivers/STM32F4xx_HAL_Driver/Src/stm32f4xx_hal_tim.o
                0x0000000008005170                TIM_Base_SetConfig
 .text.TIM_OC1_SetConfig
                0x0000000008005270       0xcc Drivers/STM32F4xx_HAL_Driver/Src/stm32f4xx_hal_tim.o
 .text.TIM_OC2_SetConfig
                0x000000000800533c       0xd8 Drivers/STM32F4xx_HAL_Driver/Src/stm32f4xx_hal_tim.o
                0x000000000800533c                TIM_OC2_SetConfig
 .text.TIM_OC3_SetConfig
                0x0000000008005414       0xd4 Drivers/STM32F4xx_HAL_Driver/Src/stm32f4xx_hal_tim.o
 .text.TIM_OC4_SetConfig
                0x00000000080054e8       0xa0 Drivers/STM32F4xx_HAL_Driver/Src/stm32f4xx_hal_tim.o
 .text.TIM_TI1_ConfigInputStage
                0x0000000008005588       0x5e Drivers/STM32F4xx_HAL_Driver/Src/stm32f4xx_hal_tim.o
 .text.TIM_TI2_ConfigInputStage
                0x00000000080055e6       0x60 Drivers/STM32F4xx_HAL_Driver/Src/stm32f4xx_hal_tim.o
 .text.TIM_ITRx_SetConfig
                0x0000000008005646       0x36 Drivers/STM32F4xx_HAL_Driver/Src/stm32f4xx_hal_tim.o
 .text.TIM_ETR_SetConfig
                0x000000000800567c       0x40 Drivers/STM32F4xx_HAL_Driver/Src/stm32f4xx_hal_tim.o
                0x000000000800567c                TIM_ETR_SetConfig
 .text.TIM_CCxChannelCmd
                0x00000000080056bc       0x4a Drivers/STM32F4xx_HAL_Driver/Src/stm32f4xx_hal_tim.o
                0x00000000080056bc                TIM_CCxChannelCmd
 *fill*         0x0000000008005706        0x2 
 .text.HAL_TIMEx_MasterConfigSynchronization
                0x0000000008005708       0xdc Drivers/STM32F4xx_HAL_Driver/Src/stm32f4xx_hal_tim_ex.o
                0x0000000008005708                HAL_TIMEx_MasterConfigSynchronization
 .text.HAL_TIMEx_CommutCallback
                0x00000000080057e4       0x14 Drivers/STM32F4xx_HAL_Driver/Src/stm32f4xx_hal_tim_ex.o
                0x00000000080057e4                HAL_TIMEx_CommutCallback
 .text.HAL_TIMEx_BreakCallback
                0x00000000080057f8       0x14 Drivers/STM32F4xx_HAL_Driver/Src/stm32f4xx_hal_tim_ex.o
                0x00000000080057f8                HAL_TIMEx_BreakCallback
 .text.HAL_UART_Init
                0x000000000800580c       0x9a Drivers/STM32F4xx_HAL_Driver/Src/stm32f4xx_hal_uart.o
                0x000000000800580c                HAL_UART_Init
 .text.HAL_UART_Transmit
                0x00000000080058a6      0x124 Drivers/STM32F4xx_HAL_Driver/Src/stm32f4xx_hal_uart.o
                0x00000000080058a6                HAL_UART_Transmit
 .text.HAL_UART_Receive_IT
                0x00000000080059ca       0x60 Drivers/STM32F4xx_HAL_Driver/Src/stm32f4xx_hal_uart.o
                0x00000000080059ca                HAL_UART_Receive_IT
 *fill*         0x0000000008005a2a        0x2 
 .text.HAL_UART_IRQHandler
                0x0000000008005a2c      0x358 Drivers/STM32F4xx_HAL_Driver/Src/stm32f4xx_hal_uart.o
                0x0000000008005a2c                HAL_UART_IRQHandler
 .text.HAL_UART_TxCpltCallback
                0x0000000008005d84       0x14 Drivers/STM32F4xx_HAL_Driver/Src/stm32f4xx_hal_uart.o
                0x0000000008005d84                HAL_UART_TxCpltCallback
 .text.HAL_UART_ErrorCallback
                0x0000000008005d98       0x14 Drivers/STM32F4xx_HAL_Driver/Src/stm32f4xx_hal_uart.o
                0x0000000008005d98                HAL_UART_ErrorCallback
 .text.HAL_UARTEx_RxEventCallback
                0x0000000008005dac       0x18 Drivers/STM32F4xx_HAL_Driver/Src/stm32f4xx_hal_uart.o
                0x0000000008005dac                HAL_UARTEx_RxEventCallback
 .text.UART_WaitOnFlagUntilTimeout
                0x0000000008005dc4       0x94 Drivers/STM32F4xx_HAL_Driver/Src/stm32f4xx_hal_uart.o
 .text.UART_Start_Receive_IT
                0x0000000008005e58       0x74 Drivers/STM32F4xx_HAL_Driver/Src/stm32f4xx_hal_uart.o
                0x0000000008005e58                UART_Start_Receive_IT
 .text.UART_EndRxTransfer
                0x0000000008005ecc       0x5a Drivers/STM32F4xx_HAL_Driver/Src/stm32f4xx_hal_uart.o
 .text.UART_DMAAbortOnError
                0x0000000008005f26       0x28 Drivers/STM32F4xx_HAL_Driver/Src/stm32f4xx_hal_uart.o
 .text.UART_Transmit_IT
                0x0000000008005f4e       0xa0 Drivers/STM32F4xx_HAL_Driver/Src/stm32f4xx_hal_uart.o
 .text.UART_EndTransmit_IT
                0x0000000008005fee       0x30 Drivers/STM32F4xx_HAL_Driver/Src/stm32f4xx_hal_uart.o
 .text.UART_Receive_IT
                0x000000000800601e      0x12e Drivers/STM32F4xx_HAL_Driver/Src/stm32f4xx_hal_uart.o
 .text.UART_SetConfig
                0x000000000800614c      0x390 Drivers/STM32F4xx_HAL_Driver/Src/stm32f4xx_hal_uart.o
 .text.MX_FATFS_Init
                0x00000000080064dc       0x24 FATFS/App/fatfs.o
                0x00000000080064dc                MX_FATFS_Init
 .text.get_fattime
                0x0000000008006500       0x10 FATFS/App/fatfs.o
                0x0000000008006500                get_fattime
 .text.USER_initialize
                0x0000000008006510       0x1c FATFS/Target/user_diskio.o
                0x0000000008006510                USER_initialize
 .text.USER_status
                0x000000000800652c       0x1c FATFS/Target/user_diskio.o
                0x000000000800652c                USER_status
 .text.USER_read
                0x0000000008006548       0x26 FATFS/Target/user_diskio.o
                0x0000000008006548                USER_read
 .text.USER_write
                0x000000000800656e       0x26 FATFS/Target/user_diskio.o
                0x000000000800656e                USER_write
 .text.USER_ioctl
                0x0000000008006594       0x26 FATFS/Target/user_diskio.o
                0x0000000008006594                USER_ioctl
 *fill*         0x00000000080065ba        0x2 
 .text.disk_status
                0x00000000080065bc       0x34 Middlewares/Third_Party/FatFs/src/diskio.o
                0x00000000080065bc                disk_status
 .text.disk_initialize
                0x00000000080065f0       0x4c Middlewares/Third_Party/FatFs/src/diskio.o
                0x00000000080065f0                disk_initialize
 .text.disk_read
                0x000000000800663c       0x40 Middlewares/Third_Party/FatFs/src/diskio.o
                0x000000000800663c                disk_read
 .text.disk_write
                0x000000000800667c       0x40 Middlewares/Third_Party/FatFs/src/diskio.o
                0x000000000800667c                disk_write
 .text.disk_ioctl
                0x00000000080066bc       0x3c Middlewares/Third_Party/FatFs/src/diskio.o
                0x00000000080066bc                disk_ioctl
 .text.ld_word  0x00000000080066f8       0x30 Middlewares/Third_Party/FatFs/src/ff.o
 .text.ld_dword
                0x0000000008006728       0x46 Middlewares/Third_Party/FatFs/src/ff.o
 .text.st_word  0x000000000800676e       0x36 Middlewares/Third_Party/FatFs/src/ff.o
 .text.st_dword
                0x00000000080067a4       0x58 Middlewares/Third_Party/FatFs/src/ff.o
 .text.mem_cpy  0x00000000080067fc       0x42 Middlewares/Third_Party/FatFs/src/ff.o
 .text.mem_set  0x000000000800683e       0x36 Middlewares/Third_Party/FatFs/src/ff.o
 .text.mem_cmp  0x0000000008006874       0x4e Middlewares/Third_Party/FatFs/src/ff.o
 .text.chk_chr  0x00000000080068c2       0x36 Middlewares/Third_Party/FatFs/src/ff.o
 .text.chk_lock
                0x00000000080068f8       0xb8 Middlewares/Third_Party/FatFs/src/ff.o
 .text.enq_lock
                0x00000000080069b0       0x44 Middlewares/Third_Party/FatFs/src/ff.o
 .text.inc_lock
                0x00000000080069f4      0x11c Middlewares/Third_Party/FatFs/src/ff.o
 .text.dec_lock
                0x0000000008006b10       0x78 Middlewares/Third_Party/FatFs/src/ff.o
 .text.clear_lock
                0x0000000008006b88       0x48 Middlewares/Third_Party/FatFs/src/ff.o
 .text.sync_window
                0x0000000008006bd0       0x88 Middlewares/Third_Party/FatFs/src/ff.o
 .text.move_window
                0x0000000008006c58       0x5a Middlewares/Third_Party/FatFs/src/ff.o
 *fill*         0x0000000008006cb2        0x2 
 .text.sync_fs  0x0000000008006cb4       0xe0 Middlewares/Third_Party/FatFs/src/ff.o
 .text.clust2sect
                0x0000000008006d94       0x3e Middlewares/Third_Party/FatFs/src/ff.o
 .text.get_fat  0x0000000008006dd2      0x1a8 Middlewares/Third_Party/FatFs/src/ff.o
 .text.put_fat  0x0000000008006f7a      0x238 Middlewares/Third_Party/FatFs/src/ff.o
 .text.remove_chain
                0x00000000080071b2       0xca Middlewares/Third_Party/FatFs/src/ff.o
 .text.create_chain
                0x000000000800727c      0x130 Middlewares/Third_Party/FatFs/src/ff.o
 .text.clmt_clust
                0x00000000080073ac       0x70 Middlewares/Third_Party/FatFs/src/ff.o
 .text.dir_sdi  0x000000000800741c      0x112 Middlewares/Third_Party/FatFs/src/ff.o
 .text.dir_next
                0x000000000800752e      0x1ac Middlewares/Third_Party/FatFs/src/ff.o
 .text.dir_alloc
                0x00000000080076da       0x8e Middlewares/Third_Party/FatFs/src/ff.o
 .text.ld_clust
                0x0000000008007768       0x3e Middlewares/Third_Party/FatFs/src/ff.o
 .text.st_clust
                0x00000000080077a6       0x40 Middlewares/Third_Party/FatFs/src/ff.o
 *fill*         0x00000000080077e6        0x2 
 .text.cmp_lfn  0x00000000080077e8       0xe0 Middlewares/Third_Party/FatFs/src/ff.o
 .text.put_lfn  0x00000000080078c8       0xd0 Middlewares/Third_Party/FatFs/src/ff.o
 .text.gen_numname
                0x0000000008007998      0x120 Middlewares/Third_Party/FatFs/src/ff.o
 .text.sum_sfn  0x0000000008007ab8       0x42 Middlewares/Third_Party/FatFs/src/ff.o
 .text.dir_find
                0x0000000008007afa      0x180 Middlewares/Third_Party/FatFs/src/ff.o
 *fill*         0x0000000008007c7a        0x2 
 .text.dir_register
                0x0000000008007c7c      0x1f0 Middlewares/Third_Party/FatFs/src/ff.o
 .text.create_name
                0x0000000008007e6c      0x370 Middlewares/Third_Party/FatFs/src/ff.o
 .text.follow_path
                0x00000000080081dc       0xec Middlewares/Third_Party/FatFs/src/ff.o
 .text.get_ldnumber
                0x00000000080082c8       0x88 Middlewares/Third_Party/FatFs/src/ff.o
 .text.check_fs
                0x0000000008008350       0xac Middlewares/Third_Party/FatFs/src/ff.o
 .text.find_volume
                0x00000000080083fc      0x510 Middlewares/Third_Party/FatFs/src/ff.o
 .text.validate
                0x000000000800890c       0x6a Middlewares/Third_Party/FatFs/src/ff.o
 *fill*         0x0000000008008976        0x2 
 .text.f_mount  0x0000000008008978       0x8c Middlewares/Third_Party/FatFs/src/ff.o
                0x0000000008008978                f_mount
 .text.f_open   0x0000000008008a04      0x398 Middlewares/Third_Party/FatFs/src/ff.o
                0x0000000008008a04                f_open
 .text.f_read   0x0000000008008d9c      0x2be Middlewares/Third_Party/FatFs/src/ff.o
                0x0000000008008d9c                f_read
 .text.f_write  0x000000000800905a      0x328 Middlewares/Third_Party/FatFs/src/ff.o
                0x000000000800905a                f_write
 .text.f_sync   0x0000000008009382       0xfc Middlewares/Third_Party/FatFs/src/ff.o
                0x0000000008009382                f_sync
 .text.f_close  0x000000000800947e       0x54 Middlewares/Third_Party/FatFs/src/ff.o
                0x000000000800947e                f_close
 .text.f_getfree
                0x00000000080094d2      0x16a Middlewares/Third_Party/FatFs/src/ff.o
                0x00000000080094d2                f_getfree
 .text.f_gets   0x000000000800963c       0x7a Middlewares/Third_Party/FatFs/src/ff.o
                0x000000000800963c                f_gets
 *fill*         0x00000000080096b6        0x2 
 .text.FATFS_LinkDriverEx
                0x00000000080096b8       0x98 Middlewares/Third_Party/FatFs/src/ff_gen_drv.o
                0x00000000080096b8                FATFS_LinkDriverEx
 .text.FATFS_LinkDriver
                0x0000000008009750       0x1e Middlewares/Third_Party/FatFs/src/ff_gen_drv.o
                0x0000000008009750                FATFS_LinkDriver
 *fill*         0x000000000800976e        0x2 
 .text.ff_convert
                0x0000000008009770       0x78 Middlewares/Third_Party/FatFs/src/option/ccsbcs.o
                0x0000000008009770                ff_convert
 .text.ff_wtoupper
                0x00000000080097e8      0x114 Middlewares/Third_Party/FatFs/src/option/ccsbcs.o
                0x00000000080097e8                ff_wtoupper
 .text.__errno  0x00000000080098fc        0xc /home/antos/st/stm32cubeide_1.6.1/plugins/com.st.stm32cube.ide.mcu.externaltools.gnu-tools-for-stm32.9-2020-q2-update.linux64_1.5.0.202011040924/tools/bin/../lib/gcc/arm-none-eabi/9.3.1/../../../../arm-none-eabi/lib/thumb/v7e-m+fp/hard/libc_nano.a(lib_a-errno.o)
                0x00000000080098fc                __errno
 .text.__libc_init_array
                0x0000000008009908       0x48 /home/antos/st/stm32cubeide_1.6.1/plugins/com.st.stm32cube.ide.mcu.externaltools.gnu-tools-for-stm32.9-2020-q2-update.linux64_1.5.0.202011040924/tools/bin/../lib/gcc/arm-none-eabi/9.3.1/../../../../arm-none-eabi/lib/thumb/v7e-m+fp/hard/libc_nano.a(lib_a-init.o)
                0x0000000008009908                __libc_init_array
 .text.memset   0x0000000008009950       0x10 /home/antos/st/stm32cubeide_1.6.1/plugins/com.st.stm32cube.ide.mcu.externaltools.gnu-tools-for-stm32.9-2020-q2-update.linux64_1.5.0.202011040924/tools/bin/../lib/gcc/arm-none-eabi/9.3.1/../../../../arm-none-eabi/lib/thumb/v7e-m+fp/hard/libc_nano.a(lib_a-memset.o)
                0x0000000008009950                memset
 .text.sprintf  0x0000000008009960       0x40 /home/antos/st/stm32cubeide_1.6.1/plugins/com.st.stm32cube.ide.mcu.externaltools.gnu-tools-for-stm32.9-2020-q2-update.linux64_1.5.0.202011040924/tools/bin/../lib/gcc/arm-none-eabi/9.3.1/../../../../arm-none-eabi/lib/thumb/v7e-m+fp/hard/libc_nano.a(lib_a-sprintf.o)
                0x0000000008009960                sprintf
                0x0000000008009960                siprintf
 .text._vsnprintf_r
                0x00000000080099a0       0x58 /home/antos/st/stm32cubeide_1.6.1/plugins/com.st.stm32cube.ide.mcu.externaltools.gnu-tools-for-stm32.9-2020-q2-update.linux64_1.5.0.202011040924/tools/bin/../lib/gcc/arm-none-eabi/9.3.1/../../../../arm-none-eabi/lib/thumb/v7e-m+fp/hard/libc_nano.a(lib_a-vsnprintf.o)
                0x00000000080099a0                _vsnprintf_r
                0x00000000080099a0                _vsniprintf_r
 .text.vsnprintf
                0x00000000080099f8       0x1c /home/antos/st/stm32cubeide_1.6.1/plugins/com.st.stm32cube.ide.mcu.externaltools.gnu-tools-for-stm32.9-2020-q2-update.linux64_1.5.0.202011040924/tools/bin/../lib/gcc/arm-none-eabi/9.3.1/../../../../arm-none-eabi/lib/thumb/v7e-m+fp/hard/libc_nano.a(lib_a-vsnprintf.o)
                0x00000000080099f8                vsnprintf
                0x00000000080099f8                vsniprintf
 .text.__ssputs_r
                0x0000000008009a14       0xb6 /home/antos/st/stm32cubeide_1.6.1/plugins/com.st.stm32cube.ide.mcu.externaltools.gnu-tools-for-stm32.9-2020-q2-update.linux64_1.5.0.202011040924/tools/bin/../lib/gcc/arm-none-eabi/9.3.1/../../../../arm-none-eabi/lib/thumb/v7e-m+fp/hard/libc_nano.a(lib_a-nano-svfprintf.o)
                0x0000000008009a14                __ssputs_r
 *fill*         0x0000000008009aca        0x2 
 .text._svfprintf_r
                0x0000000008009acc      0x200 /home/antos/st/stm32cubeide_1.6.1/plugins/com.st.stm32cube.ide.mcu.externaltools.gnu-tools-for-stm32.9-2020-q2-update.linux64_1.5.0.202011040924/tools/bin/../lib/gcc/arm-none-eabi/9.3.1/../../../../arm-none-eabi/lib/thumb/v7e-m+fp/hard/libc_nano.a(lib_a-nano-svfprintf.o)
                0x0000000008009acc                _svfprintf_r
                0x0000000008009acc                _svfiprintf_r
 .text._printf_common
                0x0000000008009ccc       0xda /home/antos/st/stm32cubeide_1.6.1/plugins/com.st.stm32cube.ide.mcu.externaltools.gnu-tools-for-stm32.9-2020-q2-update.linux64_1.5.0.202011040924/tools/bin/../lib/gcc/arm-none-eabi/9.3.1/../../../../arm-none-eabi/lib/thumb/v7e-m+fp/hard/libc_nano.a(lib_a-nano-vfprintf_i.o)
                0x0000000008009ccc                _printf_common
 *fill*         0x0000000008009da6        0x2 
 .text._printf_i
                0x0000000008009da8      0x24c /home/antos/st/stm32cubeide_1.6.1/plugins/com.st.stm32cube.ide.mcu.externaltools.gnu-tools-for-stm32.9-2020-q2-update.linux64_1.5.0.202011040924/tools/bin/../lib/gcc/arm-none-eabi/9.3.1/../../../../arm-none-eabi/lib/thumb/v7e-m+fp/hard/libc_nano.a(lib_a-nano-vfprintf_i.o)
                0x0000000008009da8                _printf_i
 .text.memcpy   0x0000000008009ff4       0x1c /home/antos/st/stm32cubeide_1.6.1/plugins/com.st.stm32cube.ide.mcu.externaltools.gnu-tools-for-stm32.9-2020-q2-update.linux64_1.5.0.202011040924/tools/bin/../lib/gcc/arm-none-eabi/9.3.1/../../../../arm-none-eabi/lib/thumb/v7e-m+fp/hard/libc_nano.a(lib_a-memcpy-stub.o)
                0x0000000008009ff4                memcpy
 .text.memmove  0x000000000800a010       0x34 /home/antos/st/stm32cubeide_1.6.1/plugins/com.st.stm32cube.ide.mcu.externaltools.gnu-tools-for-stm32.9-2020-q2-update.linux64_1.5.0.202011040924/tools/bin/../lib/gcc/arm-none-eabi/9.3.1/../../../../arm-none-eabi/lib/thumb/v7e-m+fp/hard/libc_nano.a(lib_a-memmove.o)
                0x000000000800a010                memmove
 .text._free_r  0x000000000800a044       0xa0 /home/antos/st/stm32cubeide_1.6.1/plugins/com.st.stm32cube.ide.mcu.externaltools.gnu-tools-for-stm32.9-2020-q2-update.linux64_1.5.0.202011040924/tools/bin/../lib/gcc/arm-none-eabi/9.3.1/../../../../arm-none-eabi/lib/thumb/v7e-m+fp/hard/libc_nano.a(lib_a-nano-freer.o)
                0x000000000800a044                _free_r
 .text._malloc_r
                0x000000000800a0e4       0xb4 /home/antos/st/stm32cubeide_1.6.1/plugins/com.st.stm32cube.ide.mcu.externaltools.gnu-tools-for-stm32.9-2020-q2-update.linux64_1.5.0.202011040924/tools/bin/../lib/gcc/arm-none-eabi/9.3.1/../../../../arm-none-eabi/lib/thumb/v7e-m+fp/hard/libc_nano.a(lib_a-nano-mallocr.o)
                0x000000000800a0e4                _malloc_r
 .text._realloc_r
                0x000000000800a198       0x4c /home/antos/st/stm32cubeide_1.6.1/plugins/com.st.stm32cube.ide.mcu.externaltools.gnu-tools-for-stm32.9-2020-q2-update.linux64_1.5.0.202011040924/tools/bin/../lib/gcc/arm-none-eabi/9.3.1/../../../../arm-none-eabi/lib/thumb/v7e-m+fp/hard/libc_nano.a(lib_a-nano-reallocr.o)
                0x000000000800a198                _realloc_r
 .text._sbrk_r  0x000000000800a1e4       0x20 /home/antos/st/stm32cubeide_1.6.1/plugins/com.st.stm32cube.ide.mcu.externaltools.gnu-tools-for-stm32.9-2020-q2-update.linux64_1.5.0.202011040924/tools/bin/../lib/gcc/arm-none-eabi/9.3.1/../../../../arm-none-eabi/lib/thumb/v7e-m+fp/hard/libc_nano.a(lib_a-sbrkr.o)
                0x000000000800a1e4                _sbrk_r
 .text.__malloc_lock
                0x000000000800a204        0xc /home/antos/st/stm32cubeide_1.6.1/plugins/com.st.stm32cube.ide.mcu.externaltools.gnu-tools-for-stm32.9-2020-q2-update.linux64_1.5.0.202011040924/tools/bin/../lib/gcc/arm-none-eabi/9.3.1/../../../../arm-none-eabi/lib/thumb/v7e-m+fp/hard/libc_nano.a(lib_a-mlock.o)
                0x000000000800a204                __malloc_lock
 .text.__malloc_unlock
                0x000000000800a210        0xc /home/antos/st/stm32cubeide_1.6.1/plugins/com.st.stm32cube.ide.mcu.externaltools.gnu-tools-for-stm32.9-2020-q2-update.linux64_1.5.0.202011040924/tools/bin/../lib/gcc/arm-none-eabi/9.3.1/../../../../arm-none-eabi/lib/thumb/v7e-m+fp/hard/libc_nano.a(lib_a-mlock.o)
                0x000000000800a210                __malloc_unlock
 .text._malloc_usable_size_r
                0x000000000800a21c       0x10 /home/antos/st/stm32cubeide_1.6.1/plugins/com.st.stm32cube.ide.mcu.externaltools.gnu-tools-for-stm32.9-2020-q2-update.linux64_1.5.0.202011040924/tools/bin/../lib/gcc/arm-none-eabi/9.3.1/../../../../arm-none-eabi/lib/thumb/v7e-m+fp/hard/libc_nano.a(lib_a-nano-msizer.o)
                0x000000000800a21c                _malloc_usable_size_r
 .text.__retarget_lock_acquire_recursive
                0x000000000800a22c        0x2 /home/antos/st/stm32cubeide_1.6.1/plugins/com.st.stm32cube.ide.mcu.externaltools.gnu-tools-for-stm32.9-2020-q2-update.linux64_1.5.0.202011040924/tools/bin/../lib/gcc/arm-none-eabi/9.3.1/../../../../arm-none-eabi/lib/thumb/v7e-m+fp/hard/libc_nano.a(lib_a-lock.o)
                0x000000000800a22c                __retarget_lock_acquire_recursive
 .text.__retarget_lock_release_recursive
                0x000000000800a22e        0x2 /home/antos/st/stm32cubeide_1.6.1/plugins/com.st.stm32cube.ide.mcu.externaltools.gnu-tools-for-stm32.9-2020-q2-update.linux64_1.5.0.202011040924/tools/bin/../lib/gcc/arm-none-eabi/9.3.1/../../../../arm-none-eabi/lib/thumb/v7e-m+fp/hard/libc_nano.a(lib_a-lock.o)
                0x000000000800a22e                __retarget_lock_release_recursive
 *(.glue_7)
 .glue_7        0x000000000800a230        0x0 linker stubs
 *(.glue_7t)
 .glue_7t       0x000000000800a230        0x0 linker stubs
 *(.eh_frame)
 .eh_frame      0x000000000800a230        0x0 /home/antos/st/stm32cubeide_1.6.1/plugins/com.st.stm32cube.ide.mcu.externaltools.gnu-tools-for-stm32.9-2020-q2-update.linux64_1.5.0.202011040924/tools/bin/../lib/gcc/arm-none-eabi/9.3.1/thumb/v7e-m+fp/hard/crtbegin.o
 *(.init)
 .init          0x000000000800a230        0x4 /home/antos/st/stm32cubeide_1.6.1/plugins/com.st.stm32cube.ide.mcu.externaltools.gnu-tools-for-stm32.9-2020-q2-update.linux64_1.5.0.202011040924/tools/bin/../lib/gcc/arm-none-eabi/9.3.1/thumb/v7e-m+fp/hard/crti.o
                0x000000000800a230                _init
 .init          0x000000000800a234        0x8 /home/antos/st/stm32cubeide_1.6.1/plugins/com.st.stm32cube.ide.mcu.externaltools.gnu-tools-for-stm32.9-2020-q2-update.linux64_1.5.0.202011040924/tools/bin/../lib/gcc/arm-none-eabi/9.3.1/thumb/v7e-m+fp/hard/crtn.o
 *(.fini)
 .fini          0x000000000800a23c        0x4 /home/antos/st/stm32cubeide_1.6.1/plugins/com.st.stm32cube.ide.mcu.externaltools.gnu-tools-for-stm32.9-2020-q2-update.linux64_1.5.0.202011040924/tools/bin/../lib/gcc/arm-none-eabi/9.3.1/thumb/v7e-m+fp/hard/crti.o
                0x000000000800a23c                _fini
 .fini          0x000000000800a240        0x8 /home/antos/st/stm32cubeide_1.6.1/plugins/com.st.stm32cube.ide.mcu.externaltools.gnu-tools-for-stm32.9-2020-q2-update.linux64_1.5.0.202011040924/tools/bin/../lib/gcc/arm-none-eabi/9.3.1/thumb/v7e-m+fp/hard/crtn.o
                0x000000000800a248                . = ALIGN (0x4)
                0x000000000800a248                _etext = .

.vfp11_veneer   0x000000000800a248        0x0
 .vfp11_veneer  0x000000000800a248        0x0 linker stubs

.v4_bx          0x000000000800a248        0x0
 .v4_bx         0x000000000800a248        0x0 linker stubs

.iplt           0x000000000800a248        0x0
 .iplt          0x000000000800a248        0x0 /home/antos/st/stm32cubeide_1.6.1/plugins/com.st.stm32cube.ide.mcu.externaltools.gnu-tools-for-stm32.9-2020-q2-update.linux64_1.5.0.202011040924/tools/bin/../lib/gcc/arm-none-eabi/9.3.1/thumb/v7e-m+fp/hard/crtbegin.o

.rodata         0x000000000800a248      0x744
                0x000000000800a248                . = ALIGN (0x4)
 *(.rodata)
 .rodata        0x000000000800a248      0x26f Core/Src/main.o
 *fill*         0x000000000800a4b7        0x1 
 .rodata        0x000000000800a4b8       0x48 Middlewares/Third_Party/FatFs/src/ff.o
 *(.rodata*)
 .rodata.AHBPrescTable
                0x000000000800a500       0x10 Core/Src/system_stm32f4xx.o
                0x000000000800a500                AHBPrescTable
 .rodata.APBPrescTable
                0x000000000800a510        0x8 Core/Src/system_stm32f4xx.o
                0x000000000800a510                APBPrescTable
 .rodata.ExCvt  0x000000000800a518       0x80 Middlewares/Third_Party/FatFs/src/ff.o
 .rodata.LfnOfs
                0x000000000800a598        0xd Middlewares/Third_Party/FatFs/src/ff.o
 *fill*         0x000000000800a5a5        0x3 
 .rodata.Tbl    0x000000000800a5a8      0x100 Middlewares/Third_Party/FatFs/src/option/ccsbcs.o
 .rodata.cvt1.9011
                0x000000000800a6a8      0x1f2 Middlewares/Third_Party/FatFs/src/option/ccsbcs.o
 *fill*         0x000000000800a89a        0x2 
 .rodata.cvt2.9012
                0x000000000800a89c       0xbc Middlewares/Third_Party/FatFs/src/option/ccsbcs.o
 .rodata._svfprintf_r.str1.1
                0x000000000800a958       0x11 /home/antos/st/stm32cubeide_1.6.1/plugins/com.st.stm32cube.ide.mcu.externaltools.gnu-tools-for-stm32.9-2020-q2-update.linux64_1.5.0.202011040924/tools/bin/../lib/gcc/arm-none-eabi/9.3.1/../../../../arm-none-eabi/lib/thumb/v7e-m+fp/hard/libc_nano.a(lib_a-nano-svfprintf.o)
 .rodata._printf_i.str1.1
                0x000000000800a969       0x22 /home/antos/st/stm32cubeide_1.6.1/plugins/com.st.stm32cube.ide.mcu.externaltools.gnu-tools-for-stm32.9-2020-q2-update.linux64_1.5.0.202011040924/tools/bin/../lib/gcc/arm-none-eabi/9.3.1/../../../../arm-none-eabi/lib/thumb/v7e-m+fp/hard/libc_nano.a(lib_a-nano-vfprintf_i.o)
                0x000000000800a98c                . = ALIGN (0x4)
 *fill*         0x000000000800a98b        0x1 

.ARM.extab      0x000000000800a98c        0x0
                0x000000000800a98c                . = ALIGN (0x4)
 *(.ARM.extab* .gnu.linkonce.armextab.*)
                0x000000000800a98c                . = ALIGN (0x4)

.ARM            0x000000000800a98c        0x8
                0x000000000800a98c                . = ALIGN (0x4)
                0x000000000800a98c                __exidx_start = .
 *(.ARM.exidx*)
 .ARM.exidx     0x000000000800a98c        0x8 /home/antos/st/stm32cubeide_1.6.1/plugins/com.st.stm32cube.ide.mcu.externaltools.gnu-tools-for-stm32.9-2020-q2-update.linux64_1.5.0.202011040924/tools/bin/../lib/gcc/arm-none-eabi/9.3.1/thumb/v7e-m+fp/hard/libgcc.a(_udivmoddi4.o)
                0x000000000800a994                __exidx_end = .
                0x000000000800a994                . = ALIGN (0x4)

.rel.dyn        0x000000000800a994        0x0
 .rel.iplt      0x000000000800a994        0x0 /home/antos/st/stm32cubeide_1.6.1/plugins/com.st.stm32cube.ide.mcu.externaltools.gnu-tools-for-stm32.9-2020-q2-update.linux64_1.5.0.202011040924/tools/bin/../lib/gcc/arm-none-eabi/9.3.1/thumb/v7e-m+fp/hard/crtbegin.o

.preinit_array  0x000000000800a994        0x0
                0x000000000800a994                . = ALIGN (0x4)
                0x000000000800a994                PROVIDE (__preinit_array_start = .)
 *(.preinit_array*)
                0x000000000800a994                PROVIDE (__preinit_array_end = .)
                0x000000000800a994                . = ALIGN (0x4)

.init_array     0x000000000800a994        0x4
                0x000000000800a994                . = ALIGN (0x4)
                0x000000000800a994                PROVIDE (__init_array_start = .)
 *(SORT_BY_NAME(.init_array.*))
 *(.init_array*)
 .init_array    0x000000000800a994        0x4 /home/antos/st/stm32cubeide_1.6.1/plugins/com.st.stm32cube.ide.mcu.externaltools.gnu-tools-for-stm32.9-2020-q2-update.linux64_1.5.0.202011040924/tools/bin/../lib/gcc/arm-none-eabi/9.3.1/thumb/v7e-m+fp/hard/crtbegin.o
                0x000000000800a998                PROVIDE (__init_array_end = .)
                0x000000000800a998                . = ALIGN (0x4)

.fini_array     0x000000000800a998        0x4
                0x000000000800a998                . = ALIGN (0x4)
                [!provide]                        PROVIDE (__fini_array_start = .)
 *(SORT_BY_NAME(.fini_array.*))
 *(.fini_array*)
 .fini_array    0x000000000800a998        0x4 /home/antos/st/stm32cubeide_1.6.1/plugins/com.st.stm32cube.ide.mcu.externaltools.gnu-tools-for-stm32.9-2020-q2-update.linux64_1.5.0.202011040924/tools/bin/../lib/gcc/arm-none-eabi/9.3.1/thumb/v7e-m+fp/hard/crtbegin.o
                [!provide]                        PROVIDE (__fini_array_end = .)
                0x000000000800a99c                . = ALIGN (0x4)
                0x000000000800a99c                _sidata = LOADADDR (.data)

.data           0x0000000020000000       0x88 load address 0x000000000800a99c
                0x0000000020000000                . = ALIGN (0x4)
                0x0000000020000000                _sdata = .
 *(.data)
 *(.data*)
 .data.Stat     0x0000000020000000        0x1 Core/Src/fatfs_sd.o
 .data.Count1   0x0000000020000001        0x1 Core/Src/main.o
                0x0000000020000001                Count1
 *fill*         0x0000000020000002        0x2 
 .data.SystemCoreClock
                0x0000000020000004        0x4 Core/Src/system_stm32f4xx.o
                0x0000000020000004                SystemCoreClock
 .data.uwTickPrio
                0x0000000020000008        0x4 Drivers/STM32F4xx_HAL_Driver/Src/stm32f4xx_hal.o
                0x0000000020000008                uwTickPrio
 .data.uwTickFreq
                0x000000002000000c        0x1 Drivers/STM32F4xx_HAL_Driver/Src/stm32f4xx_hal.o
                0x000000002000000c                uwTickFreq
 *fill*         0x000000002000000d        0x3 
 .data.USER_Driver
                0x0000000020000010       0x14 FATFS/Target/user_diskio.o
                0x0000000020000010                USER_Driver
 .data._impure_ptr
                0x0000000020000024        0x4 /home/antos/st/stm32cubeide_1.6.1/plugins/com.st.stm32cube.ide.mcu.externaltools.gnu-tools-for-stm32.9-2020-q2-update.linux64_1.5.0.202011040924/tools/bin/../lib/gcc/arm-none-eabi/9.3.1/../../../../arm-none-eabi/lib/thumb/v7e-m+fp/hard/libc_nano.a(lib_a-impure.o)
                0x0000000020000024                _impure_ptr
 .data.impure_data
                0x0000000020000028       0x60 /home/antos/st/stm32cubeide_1.6.1/plugins/com.st.stm32cube.ide.mcu.externaltools.gnu-tools-for-stm32.9-2020-q2-update.linux64_1.5.0.202011040924/tools/bin/../lib/gcc/arm-none-eabi/9.3.1/../../../../arm-none-eabi/lib/thumb/v7e-m+fp/hard/libc_nano.a(lib_a-impure.o)
 *(.RamFunc)
 *(.RamFunc*)
                0x0000000020000088                . = ALIGN (0x4)
                0x0000000020000088                _edata = .

.igot.plt       0x0000000020000088        0x0 load address 0x000000000800aa24
 .igot.plt      0x0000000020000088        0x0 /home/antos/st/stm32cubeide_1.6.1/plugins/com.st.stm32cube.ide.mcu.externaltools.gnu-tools-for-stm32.9-2020-q2-update.linux64_1.5.0.202011040924/tools/bin/../lib/gcc/arm-none-eabi/9.3.1/thumb/v7e-m+fp/hard/crtbegin.o
                0x0000000020000088                . = ALIGN (0x4)

.bss            0x0000000020000088     0x26e4 load address 0x000000000800aa24
                0x0000000020000088                _sbss = .
                0x0000000020000088                __bss_start__ = _sbss
 *(.bss)
 .bss           0x0000000020000088       0x1c /home/antos/st/stm32cubeide_1.6.1/plugins/com.st.stm32cube.ide.mcu.externaltools.gnu-tools-for-stm32.9-2020-q2-update.linux64_1.5.0.202011040924/tools/bin/../lib/gcc/arm-none-eabi/9.3.1/thumb/v7e-m+fp/hard/crtbegin.o
 *(.bss*)
 .bss.CardType  0x00000000200000a4        0x1 Core/Src/fatfs_sd.o
 .bss.PowerFlag
                0x00000000200000a5        0x1 Core/Src/fatfs_sd.o
 *fill*         0x00000000200000a6        0x2 
 .bss.ObjectFindOut
                0x00000000200000a8        0x4 Core/Src/main.o
                0x00000000200000a8                ObjectFindOut
 .bss.SD_CARD_FLAG_ENABLE
                0x00000000200000ac        0x4 Core/Src/main.o
                0x00000000200000ac                SD_CARD_FLAG_ENABLE
 .bss.OBJ_TEMP  0x00000000200000b0        0x4 Core/Src/main.o
                0x00000000200000b0                OBJ_TEMP
 .bss.FlagEn    0x00000000200000b4        0x4 Core/Src/main.o
                0x00000000200000b4                FlagEn
 .bss.TIMER_INIT_VALUE
                0x00000000200000b8        0x4 Core/Src/main.o
                0x00000000200000b8                TIMER_INIT_VALUE
 .bss.OBJECT_SEQ_FLAG
                0x00000000200000bc        0x4 Core/Src/main.o
                0x00000000200000bc                OBJECT_SEQ_FLAG
 .bss.Object_CNT_SD_CARD_STORE_GREEN
                0x00000000200000c0        0x4 Core/Src/main.o
                0x00000000200000c0                Object_CNT_SD_CARD_STORE_GREEN
 .bss.Object_CNT_SD_CARD_STORE_RED
                0x00000000200000c4        0x4 Core/Src/main.o
                0x00000000200000c4                Object_CNT_SD_CARD_STORE_RED
 .bss.Object_CNT_SD_CARD_STORE_CLIP
                0x00000000200000c8        0x4 Core/Src/main.o
                0x00000000200000c8                Object_CNT_SD_CARD_STORE_CLIP
 .bss.OBJ_GREEN
                0x00000000200000cc        0x4 Core/Src/main.o
                0x00000000200000cc                OBJ_GREEN
 .bss.OBJ_CLIP  0x00000000200000d0        0x4 Core/Src/main.o
                0x00000000200000d0                OBJ_CLIP
 .bss.OBJ_WHITE
                0x00000000200000d4        0x4 Core/Src/main.o
                0x00000000200000d4                OBJ_WHITE
 .bss.BufferClear
                0x00000000200000d8        0x4 Core/Src/main.o
                0x00000000200000d8                BufferClear
 .bss.count     0x00000000200000dc        0x1 Core/Src/main.o
                0x00000000200000dc                count
 *fill*         0x00000000200000dd        0x3 
 .bss.buffer.10312
                0x00000000200000e0      0x100 Core/Src/main.o
 .bss.__sbrk_heap_end
                0x00000000200001e0        0x4 Core/Src/sysmem.o
 .bss.FatFs     0x00000000200001e4        0x4 Middlewares/Third_Party/FatFs/src/ff.o
 .bss.Fsid      0x00000000200001e8        0x2 Middlewares/Third_Party/FatFs/src/ff.o
 *fill*         0x00000000200001ea        0x2 
 .bss.Files     0x00000000200001ec       0x20 Middlewares/Third_Party/FatFs/src/ff.o
 .bss.LfnBuf    0x000000002000020c      0x200 Middlewares/Third_Party/FatFs/src/ff.o
 .bss.disk      0x000000002000040c        0xc Middlewares/Third_Party/FatFs/src/ff_gen_drv.o
                0x000000002000040c                disk
 .bss.__malloc_free_list
                0x0000000020000418        0x4 /home/antos/st/stm32cubeide_1.6.1/plugins/com.st.stm32cube.ide.mcu.externaltools.gnu-tools-for-stm32.9-2020-q2-update.linux64_1.5.0.202011040924/tools/bin/../lib/gcc/arm-none-eabi/9.3.1/../../../../arm-none-eabi/lib/thumb/v7e-m+fp/hard/libc_nano.a(lib_a-nano-mallocr.o)
                0x0000000020000418                __malloc_free_list
 .bss.__malloc_sbrk_start
                0x000000002000041c        0x4 /home/antos/st/stm32cubeide_1.6.1/plugins/com.st.stm32cube.ide.mcu.externaltools.gnu-tools-for-stm32.9-2020-q2-update.linux64_1.5.0.202011040924/tools/bin/../lib/gcc/arm-none-eabi/9.3.1/../../../../arm-none-eabi/lib/thumb/v7e-m+fp/hard/libc_nano.a(lib_a-nano-mallocr.o)
                0x000000002000041c                __malloc_sbrk_start
 *(COMMON)
 COMMON         0x0000000020000420        0x4 Core/Src/fatfs_sd.o
                0x0000000020000420                Timer2
                0x0000000020000422                Timer1
 COMMON         0x0000000020000424      0x2c4 Core/Src/main.o
                0x0000000020000424                IMAGE_REC
                0x0000000020000430                Display_Function
                0x0000000020000431                _WriteModeAddr
                0x0000000020000434                htim4
                0x000000002000047c                _Lcd_Rows
                0x000000002000047d                _charsize
                0x0000000020000480                htim5
                0x00000000200004c8                htim3
                0x0000000020000510                BackLightVal
                0x0000000020000514                COLLECT_RED_OBJ
                0x0000000020000518                huart1
                0x000000002000055c                Count
                0x0000000020000560                COLLECT_CLIP_OBJ
                0x0000000020000564                rxBuffer
                0x0000000020000578                COLLECT_GREEN_OBJ
                0x000000002000057c                hspi1
                0x00000000200005d4                htim2
                0x000000002000061c                _LcdCols
                0x000000002000061d                LastReceiveData
                0x0000000020000620                millisBuffer
 COMMON         0x00000000200006e8        0x4 Drivers/STM32F4xx_HAL_Driver/Src/stm32f4xx_hal.o
                0x00000000200006e8                uwTick
 COMMON         0x00000000200006ec     0x2070 FATFS/App/fatfs.o
                0x00000000200006ec                USERPath
                0x00000000200006f0                retUSER
                0x00000000200006f4                USERFile
                0x0000000020001724                USERFatFS
 COMMON         0x000000002000275c        0x4 /home/antos/st/stm32cubeide_1.6.1/plugins/com.st.stm32cube.ide.mcu.externaltools.gnu-tools-for-stm32.9-2020-q2-update.linux64_1.5.0.202011040924/tools/bin/../lib/gcc/arm-none-eabi/9.3.1/../../../../arm-none-eabi/lib/thumb/v7e-m+fp/hard/libc_nano.a(lib_a-reent.o)
                0x000000002000275c                errno
 COMMON         0x0000000020002760        0x9 /home/antos/st/stm32cubeide_1.6.1/plugins/com.st.stm32cube.ide.mcu.externaltools.gnu-tools-for-stm32.9-2020-q2-update.linux64_1.5.0.202011040924/tools/bin/../lib/gcc/arm-none-eabi/9.3.1/../../../../arm-none-eabi/lib/thumb/v7e-m+fp/hard/libc_nano.a(lib_a-lock.o)
                0x0000000020002760                __lock___atexit_recursive_mutex
                0x0000000020002761                __lock___arc4random_mutex
                0x0000000020002762                __lock___env_recursive_mutex
                0x0000000020002763                __lock___sinit_recursive_mutex
                0x0000000020002764                __lock___malloc_recursive_mutex
                0x0000000020002765                __lock___at_quick_exit_mutex
                0x0000000020002766                __lock___dd_hash_mutex
                0x0000000020002767                __lock___tz_mutex
                0x0000000020002768                __lock___sfp_recursive_mutex
                0x000000002000276c                . = ALIGN (0x4)
 *fill*         0x0000000020002769        0x3 
                0x000000002000276c                _ebss = .
                0x000000002000276c                __bss_end__ = _ebss

._user_heap_stack
                0x000000002000276c      0x604 load address 0x000000000800aa24
                0x0000000020002770                . = ALIGN (0x8)
 *fill*         0x000000002000276c        0x4 
                [!provide]                        PROVIDE (end = .)
                0x0000000020002770                PROVIDE (_end = .)
                0x0000000020002970                . = (. + _Min_Heap_Size)
 *fill*         0x0000000020002770      0x200 
                0x0000000020002d70                . = (. + _Min_Stack_Size)
 *fill*         0x0000000020002970      0x400 
                0x0000000020002d70                . = ALIGN (0x8)

/DISCARD/
 libc.a(*)
 libm.a(*)
 libgcc.a(*)

.ARM.attributes
                0x0000000000000000       0x30
 *(.ARM.attributes)
 .ARM.attributes
                0x0000000000000000       0x1e /home/antos/st/stm32cubeide_1.6.1/plugins/com.st.stm32cube.ide.mcu.externaltools.gnu-tools-for-stm32.9-2020-q2-update.linux64_1.5.0.202011040924/tools/bin/../lib/gcc/arm-none-eabi/9.3.1/thumb/v7e-m+fp/hard/crti.o
 .ARM.attributes
                0x000000000000001e       0x34 /home/antos/st/stm32cubeide_1.6.1/plugins/com.st.stm32cube.ide.mcu.externaltools.gnu-tools-for-stm32.9-2020-q2-update.linux64_1.5.0.202011040924/tools/bin/../lib/gcc/arm-none-eabi/9.3.1/thumb/v7e-m+fp/hard/crtbegin.o
 .ARM.attributes
                0x0000000000000052       0x34 Core/Src/fatfs_sd.o
 .ARM.attributes
                0x0000000000000086       0x34 Core/Src/main.o
 .ARM.attributes
                0x00000000000000ba       0x34 Core/Src/stm32f4xx_hal_msp.o
 .ARM.attributes
                0x00000000000000ee       0x34 Core/Src/stm32f4xx_it.o
 .ARM.attributes
                0x0000000000000122       0x34 Core/Src/sysmem.o
 .ARM.attributes
                0x0000000000000156       0x34 Core/Src/system_stm32f4xx.o
 .ARM.attributes
                0x000000000000018a       0x21 Core/Startup/startup_stm32f411retx.o
 .ARM.attributes
                0x00000000000001ab       0x34 Drivers/STM32F4xx_HAL_Driver/Src/stm32f4xx_hal.o
 .ARM.attributes
                0x00000000000001df       0x34 Drivers/STM32F4xx_HAL_Driver/Src/stm32f4xx_hal_cortex.o
 .ARM.attributes
                0x0000000000000213       0x34 Drivers/STM32F4xx_HAL_Driver/Src/stm32f4xx_hal_dma.o
 .ARM.attributes
                0x0000000000000247       0x34 Drivers/STM32F4xx_HAL_Driver/Src/stm32f4xx_hal_gpio.o
 .ARM.attributes
                0x000000000000027b       0x34 Drivers/STM32F4xx_HAL_Driver/Src/stm32f4xx_hal_rcc.o
 .ARM.attributes
                0x00000000000002af       0x34 Drivers/STM32F4xx_HAL_Driver/Src/stm32f4xx_hal_spi.o
 .ARM.attributes
                0x00000000000002e3       0x34 Drivers/STM32F4xx_HAL_Driver/Src/stm32f4xx_hal_tim.o
 .ARM.attributes
                0x0000000000000317       0x34 Drivers/STM32F4xx_HAL_Driver/Src/stm32f4xx_hal_tim_ex.o
 .ARM.attributes
                0x000000000000034b       0x34 Drivers/STM32F4xx_HAL_Driver/Src/stm32f4xx_hal_uart.o
 .ARM.attributes
                0x000000000000037f       0x34 FATFS/App/fatfs.o
 .ARM.attributes
                0x00000000000003b3       0x34 FATFS/Target/user_diskio.o
 .ARM.attributes
                0x00000000000003e7       0x34 Middlewares/Third_Party/FatFs/src/diskio.o
 .ARM.attributes
                0x000000000000041b       0x34 Middlewares/Third_Party/FatFs/src/ff.o
 .ARM.attributes
                0x000000000000044f       0x34 Middlewares/Third_Party/FatFs/src/ff_gen_drv.o
 .ARM.attributes
                0x0000000000000483       0x34 Middlewares/Third_Party/FatFs/src/option/ccsbcs.o
 .ARM.attributes
                0x00000000000004b7       0x34 /home/antos/st/stm32cubeide_1.6.1/plugins/com.st.stm32cube.ide.mcu.externaltools.gnu-tools-for-stm32.9-2020-q2-update.linux64_1.5.0.202011040924/tools/bin/../lib/gcc/arm-none-eabi/9.3.1/../../../../arm-none-eabi/lib/thumb/v7e-m+fp/hard/libc_nano.a(lib_a-errno.o)
 .ARM.attributes
                0x00000000000004eb       0x32 /home/antos/st/stm32cubeide_1.6.1/plugins/com.st.stm32cube.ide.mcu.externaltools.gnu-tools-for-stm32.9-2020-q2-update.linux64_1.5.0.202011040924/tools/bin/../lib/gcc/arm-none-eabi/9.3.1/../../../../arm-none-eabi/lib/thumb/v7e-m+fp/hard/libc_nano.a(lib_a-impure.o)
 .ARM.attributes
                0x000000000000051d       0x34 /home/antos/st/stm32cubeide_1.6.1/plugins/com.st.stm32cube.ide.mcu.externaltools.gnu-tools-for-stm32.9-2020-q2-update.linux64_1.5.0.202011040924/tools/bin/../lib/gcc/arm-none-eabi/9.3.1/../../../../arm-none-eabi/lib/thumb/v7e-m+fp/hard/libc_nano.a(lib_a-init.o)
 .ARM.attributes
                0x0000000000000551       0x34 /home/antos/st/stm32cubeide_1.6.1/plugins/com.st.stm32cube.ide.mcu.externaltools.gnu-tools-for-stm32.9-2020-q2-update.linux64_1.5.0.202011040924/tools/bin/../lib/gcc/arm-none-eabi/9.3.1/../../../../arm-none-eabi/lib/thumb/v7e-m+fp/hard/libc_nano.a(lib_a-memset.o)
 .ARM.attributes
                0x0000000000000585       0x34 /home/antos/st/stm32cubeide_1.6.1/plugins/com.st.stm32cube.ide.mcu.externaltools.gnu-tools-for-stm32.9-2020-q2-update.linux64_1.5.0.202011040924/tools/bin/../lib/gcc/arm-none-eabi/9.3.1/../../../../arm-none-eabi/lib/thumb/v7e-m+fp/hard/libc_nano.a(lib_a-sprintf.o)
 .ARM.attributes
                0x00000000000005b9       0x17 /home/antos/st/stm32cubeide_1.6.1/plugins/com.st.stm32cube.ide.mcu.externaltools.gnu-tools-for-stm32.9-2020-q2-update.linux64_1.5.0.202011040924/tools/bin/../lib/gcc/arm-none-eabi/9.3.1/../../../../arm-none-eabi/lib/thumb/v7e-m+fp/hard/libc_nano.a(lib_a-strlen.o)
 .ARM.attributes
                0x00000000000005d0       0x34 /home/antos/st/stm32cubeide_1.6.1/plugins/com.st.stm32cube.ide.mcu.externaltools.gnu-tools-for-stm32.9-2020-q2-update.linux64_1.5.0.202011040924/tools/bin/../lib/gcc/arm-none-eabi/9.3.1/../../../../arm-none-eabi/lib/thumb/v7e-m+fp/hard/libc_nano.a(lib_a-vsnprintf.o)
 .ARM.attributes
                0x0000000000000604       0x34 /home/antos/st/stm32cubeide_1.6.1/plugins/com.st.stm32cube.ide.mcu.externaltools.gnu-tools-for-stm32.9-2020-q2-update.linux64_1.5.0.202011040924/tools/bin/../lib/gcc/arm-none-eabi/9.3.1/../../../../arm-none-eabi/lib/thumb/v7e-m+fp/hard/libc_nano.a(lib_a-nano-svfprintf.o)
 .ARM.attributes
                0x0000000000000638       0x34 /home/antos/st/stm32cubeide_1.6.1/plugins/com.st.stm32cube.ide.mcu.externaltools.gnu-tools-for-stm32.9-2020-q2-update.linux64_1.5.0.202011040924/tools/bin/../lib/gcc/arm-none-eabi/9.3.1/../../../../arm-none-eabi/lib/thumb/v7e-m+fp/hard/libc_nano.a(lib_a-nano-vfprintf_i.o)
 .ARM.attributes
                0x000000000000066c       0x1c /home/antos/st/stm32cubeide_1.6.1/plugins/com.st.stm32cube.ide.mcu.externaltools.gnu-tools-for-stm32.9-2020-q2-update.linux64_1.5.0.202011040924/tools/bin/../lib/gcc/arm-none-eabi/9.3.1/../../../../arm-none-eabi/lib/thumb/v7e-m+fp/hard/libc_nano.a(lib_a-memchr.o)
 .ARM.attributes
                0x0000000000000688       0x34 /home/antos/st/stm32cubeide_1.6.1/plugins/com.st.stm32cube.ide.mcu.externaltools.gnu-tools-for-stm32.9-2020-q2-update.linux64_1.5.0.202011040924/tools/bin/../lib/gcc/arm-none-eabi/9.3.1/../../../../arm-none-eabi/lib/thumb/v7e-m+fp/hard/libc_nano.a(lib_a-memcpy-stub.o)
 .ARM.attributes
                0x00000000000006bc       0x34 /home/antos/st/stm32cubeide_1.6.1/plugins/com.st.stm32cube.ide.mcu.externaltools.gnu-tools-for-stm32.9-2020-q2-update.linux64_1.5.0.202011040924/tools/bin/../lib/gcc/arm-none-eabi/9.3.1/../../../../arm-none-eabi/lib/thumb/v7e-m+fp/hard/libc_nano.a(lib_a-memmove.o)
 .ARM.attributes
                0x00000000000006f0       0x34 /home/antos/st/stm32cubeide_1.6.1/plugins/com.st.stm32cube.ide.mcu.externaltools.gnu-tools-for-stm32.9-2020-q2-update.linux64_1.5.0.202011040924/tools/bin/../lib/gcc/arm-none-eabi/9.3.1/../../../../arm-none-eabi/lib/thumb/v7e-m+fp/hard/libc_nano.a(lib_a-nano-freer.o)
 .ARM.attributes
                0x0000000000000724       0x34 /home/antos/st/stm32cubeide_1.6.1/plugins/com.st.stm32cube.ide.mcu.externaltools.gnu-tools-for-stm32.9-2020-q2-update.linux64_1.5.0.202011040924/tools/bin/../lib/gcc/arm-none-eabi/9.3.1/../../../../arm-none-eabi/lib/thumb/v7e-m+fp/hard/libc_nano.a(lib_a-nano-mallocr.o)
 .ARM.attributes
                0x0000000000000758       0x34 /home/antos/st/stm32cubeide_1.6.1/plugins/com.st.stm32cube.ide.mcu.externaltools.gnu-tools-for-stm32.9-2020-q2-update.linux64_1.5.0.202011040924/tools/bin/../lib/gcc/arm-none-eabi/9.3.1/../../../../arm-none-eabi/lib/thumb/v7e-m+fp/hard/libc_nano.a(lib_a-nano-reallocr.o)
 .ARM.attributes
                0x000000000000078c       0x34 /home/antos/st/stm32cubeide_1.6.1/plugins/com.st.stm32cube.ide.mcu.externaltools.gnu-tools-for-stm32.9-2020-q2-update.linux64_1.5.0.202011040924/tools/bin/../lib/gcc/arm-none-eabi/9.3.1/../../../../arm-none-eabi/lib/thumb/v7e-m+fp/hard/libc_nano.a(lib_a-sbrkr.o)
 .ARM.attributes
                0x00000000000007c0       0x34 /home/antos/st/stm32cubeide_1.6.1/plugins/com.st.stm32cube.ide.mcu.externaltools.gnu-tools-for-stm32.9-2020-q2-update.linux64_1.5.0.202011040924/tools/bin/../lib/gcc/arm-none-eabi/9.3.1/../../../../arm-none-eabi/lib/thumb/v7e-m+fp/hard/libc_nano.a(lib_a-mlock.o)
 .ARM.attributes
                0x00000000000007f4       0x34 /home/antos/st/stm32cubeide_1.6.1/plugins/com.st.stm32cube.ide.mcu.externaltools.gnu-tools-for-stm32.9-2020-q2-update.linux64_1.5.0.202011040924/tools/bin/../lib/gcc/arm-none-eabi/9.3.1/../../../../arm-none-eabi/lib/thumb/v7e-m+fp/hard/libc_nano.a(lib_a-nano-msizer.o)
 .ARM.attributes
                0x0000000000000828       0x34 /home/antos/st/stm32cubeide_1.6.1/plugins/com.st.stm32cube.ide.mcu.externaltools.gnu-tools-for-stm32.9-2020-q2-update.linux64_1.5.0.202011040924/tools/bin/../lib/gcc/arm-none-eabi/9.3.1/../../../../arm-none-eabi/lib/thumb/v7e-m+fp/hard/libc_nano.a(lib_a-reent.o)
 .ARM.attributes
                0x000000000000085c       0x34 /home/antos/st/stm32cubeide_1.6.1/plugins/com.st.stm32cube.ide.mcu.externaltools.gnu-tools-for-stm32.9-2020-q2-update.linux64_1.5.0.202011040924/tools/bin/../lib/gcc/arm-none-eabi/9.3.1/../../../../arm-none-eabi/lib/thumb/v7e-m+fp/hard/libc_nano.a(lib_a-lock.o)
 .ARM.attributes
                0x0000000000000890       0x1e /home/antos/st/stm32cubeide_1.6.1/plugins/com.st.stm32cube.ide.mcu.externaltools.gnu-tools-for-stm32.9-2020-q2-update.linux64_1.5.0.202011040924/tools/bin/../lib/gcc/arm-none-eabi/9.3.1/thumb/v7e-m+fp/hard/libgcc.a(_aeabi_uldivmod.o)
 .ARM.attributes
                0x00000000000008ae       0x34 /home/antos/st/stm32cubeide_1.6.1/plugins/com.st.stm32cube.ide.mcu.externaltools.gnu-tools-for-stm32.9-2020-q2-update.linux64_1.5.0.202011040924/tools/bin/../lib/gcc/arm-none-eabi/9.3.1/thumb/v7e-m+fp/hard/libgcc.a(_udivmoddi4.o)
 .ARM.attributes
                0x00000000000008e2       0x1e /home/antos/st/stm32cubeide_1.6.1/plugins/com.st.stm32cube.ide.mcu.externaltools.gnu-tools-for-stm32.9-2020-q2-update.linux64_1.5.0.202011040924/tools/bin/../lib/gcc/arm-none-eabi/9.3.1/thumb/v7e-m+fp/hard/libgcc.a(_dvmd_tls.o)
 .ARM.attributes
                0x0000000000000900       0x1e /home/antos/st/stm32cubeide_1.6.1/plugins/com.st.stm32cube.ide.mcu.externaltools.gnu-tools-for-stm32.9-2020-q2-update.linux64_1.5.0.202011040924/tools/bin/../lib/gcc/arm-none-eabi/9.3.1/thumb/v7e-m+fp/hard/crtn.o
OUTPUT(Automatic sorting.elf elf32-littlearm)
LOAD linker stubs
LOAD /home/antos/st/stm32cubeide_1.6.1/plugins/com.st.stm32cube.ide.mcu.externaltools.gnu-tools-for-stm32.9-2020-q2-update.linux64_1.5.0.202011040924/tools/bin/../lib/gcc/arm-none-eabi/9.3.1/../../../../arm-none-eabi/lib/thumb/v7e-m+fp/hard/libc.a
LOAD /home/antos/st/stm32cubeide_1.6.1/plugins/com.st.stm32cube.ide.mcu.externaltools.gnu-tools-for-stm32.9-2020-q2-update.linux64_1.5.0.202011040924/tools/bin/../lib/gcc/arm-none-eabi/9.3.1/../../../../arm-none-eabi/lib/thumb/v7e-m+fp/hard/libm.a
LOAD /home/antos/st/stm32cubeide_1.6.1/plugins/com.st.stm32cube.ide.mcu.externaltools.gnu-tools-for-stm32.9-2020-q2-update.linux64_1.5.0.202011040924/tools/bin/../lib/gcc/arm-none-eabi/9.3.1/thumb/v7e-m+fp/hard/libgcc.a

.debug_info     0x0000000000000000    0x18561
 .debug_info    0x0000000000000000      0xce4 Core/Src/fatfs_sd.o
 .debug_info    0x0000000000000ce4     0x3131 Core/Src/main.o
 .debug_info    0x0000000000003e15     0x1364 Core/Src/stm32f4xx_hal_msp.o
 .debug_info    0x0000000000005179      0xa73 Core/Src/stm32f4xx_it.o
 .debug_info    0x0000000000005bec      0xa25 Core/Src/sysmem.o
 .debug_info    0x0000000000006611      0x5d0 Core/Src/system_stm32f4xx.o
 .debug_info    0x0000000000006be1       0x22 Core/Startup/startup_stm32f411retx.o
 .debug_info    0x0000000000006c03      0x944 Drivers/STM32F4xx_HAL_Driver/Src/stm32f4xx_hal.o
 .debug_info    0x0000000000007547      0xe47 Drivers/STM32F4xx_HAL_Driver/Src/stm32f4xx_hal_cortex.o
 .debug_info    0x000000000000838e      0x9e9 Drivers/STM32F4xx_HAL_Driver/Src/stm32f4xx_hal_dma.o
 .debug_info    0x0000000000008d77      0x862 Drivers/STM32F4xx_HAL_Driver/Src/stm32f4xx_hal_gpio.o
 .debug_info    0x00000000000095d9      0x9be Drivers/STM32F4xx_HAL_Driver/Src/stm32f4xx_hal_rcc.o
 .debug_info    0x0000000000009f97     0x17b8 Drivers/STM32F4xx_HAL_Driver/Src/stm32f4xx_hal_spi.o
 .debug_info    0x000000000000b74f     0x2a88 Drivers/STM32F4xx_HAL_Driver/Src/stm32f4xx_hal_tim.o
 .debug_info    0x000000000000e1d7     0x151a Drivers/STM32F4xx_HAL_Driver/Src/stm32f4xx_hal_tim_ex.o
 .debug_info    0x000000000000f6f1     0x165d Drivers/STM32F4xx_HAL_Driver/Src/stm32f4xx_hal_uart.o
 .debug_info    0x0000000000010d4e      0xe90 FATFS/App/fatfs.o
 .debug_info    0x0000000000011bde     0x121b FATFS/Target/user_diskio.o
 .debug_info    0x0000000000012df9      0xda8 Middlewares/Third_Party/FatFs/src/diskio.o
 .debug_info    0x0000000000013ba1     0x3111 Middlewares/Third_Party/FatFs/src/ff.o
 .debug_info    0x0000000000016cb2      0xd39 Middlewares/Third_Party/FatFs/src/ff_gen_drv.o
 .debug_info    0x00000000000179eb      0xb76 Middlewares/Third_Party/FatFs/src/option/ccsbcs.o

.debug_abbrev   0x0000000000000000     0x309e
 .debug_abbrev  0x0000000000000000      0x2be Core/Src/fatfs_sd.o
 .debug_abbrev  0x00000000000002be      0x388 Core/Src/main.o
 .debug_abbrev  0x0000000000000646      0x222 Core/Src/stm32f4xx_hal_msp.o
 .debug_abbrev  0x0000000000000868      0x187 Core/Src/stm32f4xx_it.o
 .debug_abbrev  0x00000000000009ef      0x1bf Core/Src/sysmem.o
 .debug_abbrev  0x0000000000000bae      0x145 Core/Src/system_stm32f4xx.o
 .debug_abbrev  0x0000000000000cf3       0x12 Core/Startup/startup_stm32f411retx.o
 .debug_abbrev  0x0000000000000d05      0x21e Drivers/STM32F4xx_HAL_Driver/Src/stm32f4xx_hal.o
 .debug_abbrev  0x0000000000000f23      0x33c Drivers/STM32F4xx_HAL_Driver/Src/stm32f4xx_hal_cortex.o
 .debug_abbrev  0x000000000000125f      0x219 Drivers/STM32F4xx_HAL_Driver/Src/stm32f4xx_hal_dma.o
 .debug_abbrev  0x0000000000001478      0x1f1 Drivers/STM32F4xx_HAL_Driver/Src/stm32f4xx_hal_gpio.o
 .debug_abbrev  0x0000000000001669      0x275 Drivers/STM32F4xx_HAL_Driver/Src/stm32f4xx_hal_rcc.o
 .debug_abbrev  0x00000000000018de      0x26e Drivers/STM32F4xx_HAL_Driver/Src/stm32f4xx_hal_spi.o
 .debug_abbrev  0x0000000000001b4c      0x26f Drivers/STM32F4xx_HAL_Driver/Src/stm32f4xx_hal_tim.o
 .debug_abbrev  0x0000000000001dbb      0x277 Drivers/STM32F4xx_HAL_Driver/Src/stm32f4xx_hal_tim_ex.o
 .debug_abbrev  0x0000000000002032      0x29c Drivers/STM32F4xx_HAL_Driver/Src/stm32f4xx_hal_uart.o
 .debug_abbrev  0x00000000000022ce      0x209 FATFS/App/fatfs.o
 .debug_abbrev  0x00000000000024d7      0x22c FATFS/Target/user_diskio.o
 .debug_abbrev  0x0000000000002703      0x237 Middlewares/Third_Party/FatFs/src/diskio.o
 .debug_abbrev  0x000000000000293a      0x2e1 Middlewares/Third_Party/FatFs/src/ff.o
 .debug_abbrev  0x0000000000002c1b      0x268 Middlewares/Third_Party/FatFs/src/ff_gen_drv.o
 .debug_abbrev  0x0000000000002e83      0x21b Middlewares/Third_Party/FatFs/src/option/ccsbcs.o

.debug_aranges  0x0000000000000000     0x12d0
 .debug_aranges
                0x0000000000000000       0xa8 Core/Src/fatfs_sd.o
 .debug_aranges
                0x00000000000000a8      0x128 Core/Src/main.o
 .debug_aranges
                0x00000000000001d0       0x58 Core/Src/stm32f4xx_hal_msp.o
 .debug_aranges
                0x0000000000000228       0x70 Core/Src/stm32f4xx_it.o
 .debug_aranges
                0x0000000000000298       0x20 Core/Src/sysmem.o
 .debug_aranges
                0x00000000000002b8       0x28 Core/Src/system_stm32f4xx.o
 .debug_aranges
                0x00000000000002e0       0x28 Core/Startup/startup_stm32f411retx.o
 .debug_aranges
                0x0000000000000308       0xf0 Drivers/STM32F4xx_HAL_Driver/Src/stm32f4xx_hal.o
 .debug_aranges
                0x00000000000003f8      0x118 Drivers/STM32F4xx_HAL_Driver/Src/stm32f4xx_hal_cortex.o
 .debug_aranges
                0x0000000000000510       0x90 Drivers/STM32F4xx_HAL_Driver/Src/stm32f4xx_hal_dma.o
 .debug_aranges
                0x00000000000005a0       0x58 Drivers/STM32F4xx_HAL_Driver/Src/stm32f4xx_hal_gpio.o
 .debug_aranges
                0x00000000000005f8       0x88 Drivers/STM32F4xx_HAL_Driver/Src/stm32f4xx_hal_rcc.o
 .debug_aranges
                0x0000000000000680      0x1d0 Drivers/STM32F4xx_HAL_Driver/Src/stm32f4xx_hal_spi.o
 .debug_aranges
                0x0000000000000850      0x3d0 Drivers/STM32F4xx_HAL_Driver/Src/stm32f4xx_hal_tim.o
 .debug_aranges
                0x0000000000000c20      0x168 Drivers/STM32F4xx_HAL_Driver/Src/stm32f4xx_hal_tim_ex.o
 .debug_aranges
                0x0000000000000d88      0x200 Drivers/STM32F4xx_HAL_Driver/Src/stm32f4xx_hal_uart.o
 .debug_aranges
                0x0000000000000f88       0x28 FATFS/App/fatfs.o
 .debug_aranges
                0x0000000000000fb0       0x40 FATFS/Target/user_diskio.o
 .debug_aranges
                0x0000000000000ff0       0x48 Middlewares/Third_Party/FatFs/src/diskio.o
 .debug_aranges
                0x0000000000001038      0x230 Middlewares/Third_Party/FatFs/src/ff.o
 .debug_aranges
                0x0000000000001268       0x40 Middlewares/Third_Party/FatFs/src/ff_gen_drv.o
 .debug_aranges
                0x00000000000012a8       0x28 Middlewares/Third_Party/FatFs/src/option/ccsbcs.o

.debug_ranges   0x0000000000000000     0x11a8
 .debug_ranges  0x0000000000000000       0x98 Core/Src/fatfs_sd.o
 .debug_ranges  0x0000000000000098      0x118 Core/Src/main.o
 .debug_ranges  0x00000000000001b0       0x48 Core/Src/stm32f4xx_hal_msp.o
 .debug_ranges  0x00000000000001f8       0x60 Core/Src/stm32f4xx_it.o
 .debug_ranges  0x0000000000000258       0x10 Core/Src/sysmem.o
 .debug_ranges  0x0000000000000268       0x18 Core/Src/system_stm32f4xx.o
 .debug_ranges  0x0000000000000280       0x20 Core/Startup/startup_stm32f411retx.o
 .debug_ranges  0x00000000000002a0       0xe0 Drivers/STM32F4xx_HAL_Driver/Src/stm32f4xx_hal.o
 .debug_ranges  0x0000000000000380      0x108 Drivers/STM32F4xx_HAL_Driver/Src/stm32f4xx_hal_cortex.o
 .debug_ranges  0x0000000000000488       0x80 Drivers/STM32F4xx_HAL_Driver/Src/stm32f4xx_hal_dma.o
 .debug_ranges  0x0000000000000508       0x48 Drivers/STM32F4xx_HAL_Driver/Src/stm32f4xx_hal_gpio.o
 .debug_ranges  0x0000000000000550       0x78 Drivers/STM32F4xx_HAL_Driver/Src/stm32f4xx_hal_rcc.o
 .debug_ranges  0x00000000000005c8      0x1c0 Drivers/STM32F4xx_HAL_Driver/Src/stm32f4xx_hal_spi.o
 .debug_ranges  0x0000000000000788      0x3c0 Drivers/STM32F4xx_HAL_Driver/Src/stm32f4xx_hal_tim.o
 .debug_ranges  0x0000000000000b48      0x158 Drivers/STM32F4xx_HAL_Driver/Src/stm32f4xx_hal_tim_ex.o
 .debug_ranges  0x0000000000000ca0      0x220 Drivers/STM32F4xx_HAL_Driver/Src/stm32f4xx_hal_uart.o
 .debug_ranges  0x0000000000000ec0       0x18 FATFS/App/fatfs.o
 .debug_ranges  0x0000000000000ed8       0x30 FATFS/Target/user_diskio.o
 .debug_ranges  0x0000000000000f08       0x38 Middlewares/Third_Party/FatFs/src/diskio.o
 .debug_ranges  0x0000000000000f40      0x220 Middlewares/Third_Party/FatFs/src/ff.o
 .debug_ranges  0x0000000000001160       0x30 Middlewares/Third_Party/FatFs/src/ff_gen_drv.o
 .debug_ranges  0x0000000000001190       0x18 Middlewares/Third_Party/FatFs/src/option/ccsbcs.o

.debug_macro    0x0000000000000000    0x18b66
 .debug_macro   0x0000000000000000      0x217 Core/Src/fatfs_sd.o
 .debug_macro   0x0000000000000217      0xaa8 Core/Src/fatfs_sd.o
 .debug_macro   0x0000000000000cbf      0x2a1 Core/Src/fatfs_sd.o
 .debug_macro   0x0000000000000f60       0x2e Core/Src/fatfs_sd.o
 .debug_macro   0x0000000000000f8e       0x28 Core/Src/fatfs_sd.o
 .debug_macro   0x0000000000000fb6       0x22 Core/Src/fatfs_sd.o
 .debug_macro   0x0000000000000fd8       0x8e Core/Src/fatfs_sd.o
 .debug_macro   0x0000000000001066       0x51 Core/Src/fatfs_sd.o
 .debug_macro   0x00000000000010b7      0x103 Core/Src/fatfs_sd.o
 .debug_macro   0x00000000000011ba       0x6a Core/Src/fatfs_sd.o
 .debug_macro   0x0000000000001224      0x1df Core/Src/fatfs_sd.o
 .debug_macro   0x0000000000001403       0x1c Core/Src/fatfs_sd.o
 .debug_macro   0x000000000000141f       0x22 Core/Src/fatfs_sd.o
 .debug_macro   0x0000000000001441       0xdf Core/Src/fatfs_sd.o
 .debug_macro   0x0000000000001520     0x102d Core/Src/fatfs_sd.o
 .debug_macro   0x000000000000254d      0x11f Core/Src/fatfs_sd.o
 .debug_macro   0x000000000000266c     0xb937 Core/Src/fatfs_sd.o
 .debug_macro   0x000000000000dfa3       0x43 Core/Src/fatfs_sd.o
 .debug_macro   0x000000000000dfe6     0x3659 Core/Src/fatfs_sd.o
 .debug_macro   0x000000000001163f      0x174 Core/Src/fatfs_sd.o
 .debug_macro   0x00000000000117b3       0x5c Core/Src/fatfs_sd.o
 .debug_macro   0x000000000001180f      0x447 Core/Src/fatfs_sd.o
 .debug_macro   0x0000000000011c56      0x9fe Core/Src/fatfs_sd.o
 .debug_macro   0x0000000000012654      0x117 Core/Src/fatfs_sd.o
 .debug_macro   0x000000000001276b      0x11b Core/Src/fatfs_sd.o
 .debug_macro   0x0000000000012886       0x82 Core/Src/fatfs_sd.o
 .debug_macro   0x0000000000012908      0x15f Core/Src/fatfs_sd.o
 .debug_macro   0x0000000000012a67      0x287 Core/Src/fatfs_sd.o
 .debug_macro   0x0000000000012cee       0x5f Core/Src/fatfs_sd.o
 .debug_macro   0x0000000000012d4d      0x236 Core/Src/fatfs_sd.o
 .debug_macro   0x0000000000012f83      0x132 Core/Src/fatfs_sd.o
 .debug_macro   0x00000000000130b5      0x264 Core/Src/fatfs_sd.o
 .debug_macro   0x0000000000013319       0x2e Core/Src/fatfs_sd.o
 .debug_macro   0x0000000000013347      0x11a Core/Src/fatfs_sd.o
 .debug_macro   0x0000000000013461       0x85 Core/Src/fatfs_sd.o
 .debug_macro   0x00000000000134e6       0x89 Core/Src/fatfs_sd.o
 .debug_macro   0x000000000001356f      0x225 Core/Src/fatfs_sd.o
 .debug_macro   0x0000000000013794      0x8d1 Core/Src/fatfs_sd.o
 .debug_macro   0x0000000000014065       0x47 Core/Src/fatfs_sd.o
 .debug_macro   0x00000000000140ac      0x295 Core/Src/fatfs_sd.o
 .debug_macro   0x0000000000014341      0x126 Core/Src/fatfs_sd.o
 .debug_macro   0x0000000000014467       0x16 Core/Src/fatfs_sd.o
 .debug_macro   0x000000000001447d       0x7c Core/Src/fatfs_sd.o
 .debug_macro   0x00000000000144f9       0x9a Core/Src/fatfs_sd.o
 .debug_macro   0x0000000000014593      0x567 Core/Src/main.o
 .debug_macro   0x0000000000014afa       0xeb Core/Src/main.o
 .debug_macro   0x0000000000014be5       0x18 Core/Src/main.o
 .debug_macro   0x0000000000014bfd       0x52 Core/Src/main.o
 .debug_macro   0x0000000000014c4f       0x3c Core/Src/main.o
 .debug_macro   0x0000000000014c8b       0x34 Core/Src/main.o
 .debug_macro   0x0000000000014cbf       0x16 Core/Src/main.o
 .debug_macro   0x0000000000014cd5       0x35 Core/Src/main.o
 .debug_macro   0x0000000000014d0a       0x16 Core/Src/main.o
 .debug_macro   0x0000000000014d20       0x43 Core/Src/main.o
 .debug_macro   0x0000000000014d63       0x34 Core/Src/main.o
 .debug_macro   0x0000000000014d97       0x10 Core/Src/main.o
 .debug_macro   0x0000000000014da7       0x58 Core/Src/main.o
 .debug_macro   0x0000000000014dff       0x71 Core/Src/main.o
 .debug_macro   0x0000000000014e70       0x1c Core/Src/main.o
 .debug_macro   0x0000000000014e8c      0x12a Core/Src/main.o
 .debug_macro   0x0000000000014fb6      0x333 Core/Src/main.o
 .debug_macro   0x00000000000152e9       0x16 Core/Src/main.o
 .debug_macro   0x00000000000152ff       0x29 Core/Src/main.o
 .debug_macro   0x0000000000015328       0x12 Core/Src/main.o
 .debug_macro   0x000000000001533a       0xe2 Core/Src/main.o
 .debug_macro   0x000000000001541c       0x8e Core/Src/main.o
 .debug_macro   0x00000000000154aa       0x1c Core/Src/main.o
 .debug_macro   0x00000000000154c6       0x10 Core/Src/main.o
 .debug_macro   0x00000000000154d6       0x10 Core/Src/main.o
 .debug_macro   0x00000000000154e6       0x1c Core/Src/main.o
 .debug_macro   0x0000000000015502       0x52 Core/Src/main.o
 .debug_macro   0x0000000000015554       0x22 Core/Src/main.o
 .debug_macro   0x0000000000015576       0x10 Core/Src/main.o
 .debug_macro   0x0000000000015586       0x40 Core/Src/main.o
 .debug_macro   0x00000000000155c6       0xd5 Core/Src/main.o
 .debug_macro   0x000000000001569b       0x1c Core/Src/main.o
 .debug_macro   0x00000000000156b7       0x3d Core/Src/main.o
 .debug_macro   0x00000000000156f4       0x16 Core/Src/main.o
 .debug_macro   0x000000000001570a      0x145 Core/Src/main.o
 .debug_macro   0x000000000001584f       0x4c Core/Src/main.o
 .debug_macro   0x000000000001589b       0x16 Core/Src/main.o
 .debug_macro   0x00000000000158b1       0x20 Core/Src/main.o
 .debug_macro   0x00000000000158d1      0x1e2 Core/Src/stm32f4xx_hal_msp.o
 .debug_macro   0x0000000000015ab3      0x1ec Core/Src/stm32f4xx_it.o
 .debug_macro   0x0000000000015c9f       0xff Core/Src/sysmem.o
 .debug_macro   0x0000000000015d9e      0x23b Core/Src/sysmem.o
 .debug_macro   0x0000000000015fd9      0x1d8 Core/Src/system_stm32f4xx.o
 .debug_macro   0x00000000000161b1      0x238 Drivers/STM32F4xx_HAL_Driver/Src/stm32f4xx_hal.o
 .debug_macro   0x00000000000163e9      0x1d8 Drivers/STM32F4xx_HAL_Driver/Src/stm32f4xx_hal_cortex.o
 .debug_macro   0x00000000000165c1      0x1de Drivers/STM32F4xx_HAL_Driver/Src/stm32f4xx_hal_dma.o
 .debug_macro   0x000000000001679f      0x1de Drivers/STM32F4xx_HAL_Driver/Src/stm32f4xx_hal_gpio.o
 .debug_macro   0x000000000001697d      0x1fc Drivers/STM32F4xx_HAL_Driver/Src/stm32f4xx_hal_rcc.o
 .debug_macro   0x0000000000016b79      0x1e7 Drivers/STM32F4xx_HAL_Driver/Src/stm32f4xx_hal_spi.o
 .debug_macro   0x0000000000016d60      0x1d9 Drivers/STM32F4xx_HAL_Driver/Src/stm32f4xx_hal_tim.o
 .debug_macro   0x0000000000016f39      0x1d8 Drivers/STM32F4xx_HAL_Driver/Src/stm32f4xx_hal_tim_ex.o